../Drivers/STM32WBxx_HAL_Driver/Inc/stm32wbxx_ll_bus.h:539:22:LL_AHB2_GRP1_EnableClock	24	static
../Drivers/STM32WBxx_HAL_Driver/Inc/stm32wbxx_ll_bus.h:939:22:LL_APB1_GRP1_EnableClock	24	static
../Drivers/STM32WBxx_HAL_Driver/Inc/stm32wbxx_ll_bus.h:1038:22:LL_APB1_GRP1_DisableClock	16	static
../Drivers/STM32WBxx_HAL_Driver/Inc/stm32wbxx_ll_bus.h:1274:22:LL_APB2_GRP1_EnableClock	24	static
../Drivers/STM32WBxx_HAL_Driver/Inc/stm32wbxx_ll_bus.h:1328:22:LL_APB2_GRP1_DisableClock	16	static
../Core/Src/tim.c:32:6:MX_TIM1_Init	120	static
../Core/Src/tim.c:122:6:MX_TIM2_Init	56	static
../Core/Src/tim.c:166:6:MX_TIM17_Init	8	static
../Core/Src/tim.c:193:6:HAL_TIM_Base_MspInit	16	static
../Core/Src/tim.c:230:6:HAL_TIM_Encoder_MspInit	40	static
../Core/Src/tim.c:259:6:HAL_TIM_MspPostInit	40	static
../Core/Src/tim.c:290:6:HAL_TIM_Base_MspDeInit	16	static
../Core/Src/tim.c:338:6:HAL_TIM_Encoder_MspDeInit	16	static
