../Core/Src/ADXL.c:178:13:writeRegister	32	static
../Core/Src/ADXL.c:186:13:readRegister	32	static
../Core/Src/ADXL.c:194:12:ADXL_Init	24	static
../Core/Src/ADXL.c:272:13:adxlBW	24	static
../Core/Src/ADXL.c:320:13:adxlFormat	24	static
../Core/Src/ADXL.c:333:6:ADXL_Measure	24	static
../Core/Src/ADXL.c:357:6:ADXL_Sleep	24	static
../Core/Src/ADXL.c:381:6:ADXL_Standby	24	static
../Core/Src/ADXL.c:406:6:ADXL_test	16	static
../Core/Src/ADXL.c:417:6:ADXL_enableSelfTest	16	static
../Core/Src/ADXL.c:429:6:ADXL_disableSelfTest	16	static
../Core/Src/ADXL.c:444:6:ADXL_SetOffset	16	static
../Core/Src/ADXL.c:463:6:ADXL_enableSingleTap	32	static
../Core/Src/ADXL.c:495:6:ADXL_disableSingleTap	16	static
../Core/Src/ADXL.c:516:6:ADXL_enableDoubleTap	32	static
../Core/Src/ADXL.c:549:6:ADXL_disableDoubleTap	16	static
../Core/Src/ADXL.c:565:6:ADXL_enableActivity	32	static
../Core/Src/ADXL.c:599:6:ADXL_disableActivity	16	static
../Core/Src/ADXL.c:623:6:ADXL_enableFreeFall	24	static
../Core/Src/ADXL.c:645:6:ADXL_disableFreeFall	16	static
../Core/Src/ADXL.c:659:6:ADXL_IntProto	16	static
