Archive member included to satisfy reference by file (symbol)

C:/ST/STM32CubeIDE_1.13.2/STM32CubeIDE/plugins/com.st.stm32cube.ide.mcu.externaltools.gnu-tools-for-stm32.11.3.rel1.win32_1.1.1.202309131626/tools/bin/../lib/gcc/arm-none-eabi/11.3.1/../../../../arm-none-eabi/lib/thumb/v7e-m+fp/hard\libc_nano.a(libc_a-exit.o)
                              C:/ST/STM32CubeIDE_1.13.2/STM32CubeIDE/plugins/com.st.stm32cube.ide.mcu.externaltools.gnu-tools-for-stm32.11.3.rel1.win32_1.1.1.202309131626/tools/bin/../lib/gcc/arm-none-eabi/11.3.1/../../../../arm-none-eabi/lib/thumb/v7e-m+fp/hard/crt0.o (exit)
C:/ST/STM32CubeIDE_1.13.2/STM32CubeIDE/plugins/com.st.stm32cube.ide.mcu.externaltools.gnu-tools-for-stm32.11.3.rel1.win32_1.1.1.202309131626/tools/bin/../lib/gcc/arm-none-eabi/11.3.1/../../../../arm-none-eabi/lib/thumb/v7e-m+fp/hard\libc_nano.a(libc_a-findfp.o)
                              ./Middlewares/Third_Party/FreeRTOS/Source/tasks.o (__sf)
C:/ST/STM32CubeIDE_1.13.2/STM32CubeIDE/plugins/com.st.stm32cube.ide.mcu.externaltools.gnu-tools-for-stm32.11.3.rel1.win32_1.1.1.202309131626/tools/bin/../lib/gcc/arm-none-eabi/11.3.1/../../../../arm-none-eabi/lib/thumb/v7e-m+fp/hard\libc_nano.a(libc_a-fwalk.o)
                              C:/ST/STM32CubeIDE_1.13.2/STM32CubeIDE/plugins/com.st.stm32cube.ide.mcu.externaltools.gnu-tools-for-stm32.11.3.rel1.win32_1.1.1.202309131626/tools/bin/../lib/gcc/arm-none-eabi/11.3.1/../../../../arm-none-eabi/lib/thumb/v7e-m+fp/hard\libc_nano.a(libc_a-findfp.o) (_fwalk_sglue)
C:/ST/STM32CubeIDE_1.13.2/STM32CubeIDE/plugins/com.st.stm32cube.ide.mcu.externaltools.gnu-tools-for-stm32.11.3.rel1.win32_1.1.1.202309131626/tools/bin/../lib/gcc/arm-none-eabi/11.3.1/../../../../arm-none-eabi/lib/thumb/v7e-m+fp/hard\libc_nano.a(libc_a-printf.o)
                              ./Core/Src/TOF_Control.o (printf)
C:/ST/STM32CubeIDE_1.13.2/STM32CubeIDE/plugins/com.st.stm32cube.ide.mcu.externaltools.gnu-tools-for-stm32.11.3.rel1.win32_1.1.1.202309131626/tools/bin/../lib/gcc/arm-none-eabi/11.3.1/../../../../arm-none-eabi/lib/thumb/v7e-m+fp/hard\libc_nano.a(libc_a-puts.o)
                              ./Core/Src/TOF_Control.o (puts)
C:/ST/STM32CubeIDE_1.13.2/STM32CubeIDE/plugins/com.st.stm32cube.ide.mcu.externaltools.gnu-tools-for-stm32.11.3.rel1.win32_1.1.1.202309131626/tools/bin/../lib/gcc/arm-none-eabi/11.3.1/../../../../arm-none-eabi/lib/thumb/v7e-m+fp/hard\libc_nano.a(libc_a-stdio.o)
                              C:/ST/STM32CubeIDE_1.13.2/STM32CubeIDE/plugins/com.st.stm32cube.ide.mcu.externaltools.gnu-tools-for-stm32.11.3.rel1.win32_1.1.1.202309131626/tools/bin/../lib/gcc/arm-none-eabi/11.3.1/../../../../arm-none-eabi/lib/thumb/v7e-m+fp/hard\libc_nano.a(libc_a-findfp.o) (__sread)
C:/ST/STM32CubeIDE_1.13.2/STM32CubeIDE/plugins/com.st.stm32cube.ide.mcu.externaltools.gnu-tools-for-stm32.11.3.rel1.win32_1.1.1.202309131626/tools/bin/../lib/gcc/arm-none-eabi/11.3.1/../../../../arm-none-eabi/lib/thumb/v7e-m+fp/hard\libc_nano.a(libc_a-wbuf.o)
                              C:/ST/STM32CubeIDE_1.13.2/STM32CubeIDE/plugins/com.st.stm32cube.ide.mcu.externaltools.gnu-tools-for-stm32.11.3.rel1.win32_1.1.1.202309131626/tools/bin/../lib/gcc/arm-none-eabi/11.3.1/../../../../arm-none-eabi/lib/thumb/v7e-m+fp/hard\libc_nano.a(libc_a-puts.o) (__swbuf_r)
C:/ST/STM32CubeIDE_1.13.2/STM32CubeIDE/plugins/com.st.stm32cube.ide.mcu.externaltools.gnu-tools-for-stm32.11.3.rel1.win32_1.1.1.202309131626/tools/bin/../lib/gcc/arm-none-eabi/11.3.1/../../../../arm-none-eabi/lib/thumb/v7e-m+fp/hard\libc_nano.a(libc_a-wsetup.o)
                              C:/ST/STM32CubeIDE_1.13.2/STM32CubeIDE/plugins/com.st.stm32cube.ide.mcu.externaltools.gnu-tools-for-stm32.11.3.rel1.win32_1.1.1.202309131626/tools/bin/../lib/gcc/arm-none-eabi/11.3.1/../../../../arm-none-eabi/lib/thumb/v7e-m+fp/hard\libc_nano.a(libc_a-puts.o) (__swsetup_r)
C:/ST/STM32CubeIDE_1.13.2/STM32CubeIDE/plugins/com.st.stm32cube.ide.mcu.externaltools.gnu-tools-for-stm32.11.3.rel1.win32_1.1.1.202309131626/tools/bin/../lib/gcc/arm-none-eabi/11.3.1/../../../../arm-none-eabi/lib/thumb/v7e-m+fp/hard\libc_nano.a(libc_a-memset.o)
                              C:/ST/STM32CubeIDE_1.13.2/STM32CubeIDE/plugins/com.st.stm32cube.ide.mcu.externaltools.gnu-tools-for-stm32.11.3.rel1.win32_1.1.1.202309131626/tools/bin/../lib/gcc/arm-none-eabi/11.3.1/../../../../arm-none-eabi/lib/thumb/v7e-m+fp/hard/crt0.o (memset)
C:/ST/STM32CubeIDE_1.13.2/STM32CubeIDE/plugins/com.st.stm32cube.ide.mcu.externaltools.gnu-tools-for-stm32.11.3.rel1.win32_1.1.1.202309131626/tools/bin/../lib/gcc/arm-none-eabi/11.3.1/../../../../arm-none-eabi/lib/thumb/v7e-m+fp/hard\libc_nano.a(libc_a-closer.o)
                              C:/ST/STM32CubeIDE_1.13.2/STM32CubeIDE/plugins/com.st.stm32cube.ide.mcu.externaltools.gnu-tools-for-stm32.11.3.rel1.win32_1.1.1.202309131626/tools/bin/../lib/gcc/arm-none-eabi/11.3.1/../../../../arm-none-eabi/lib/thumb/v7e-m+fp/hard\libc_nano.a(libc_a-stdio.o) (_close_r)
[...]
Memory Configuration

Name             Origin             Length             Attributes
FLASH            0x0000000008000000 0x000000000001f000 xr
RAM1             0x0000000020000008 0x000000000000fff8 xrw
RAM_SHARED       0x0000000020030000 0x0000000000002800 xrw
*default*        0x0000000000000000 0xffffffffffffffff

Linker script and memory map

LOAD C:/ST/STM32CubeIDE_1.13.2/STM32CubeIDE/plugins/com.st.stm32cube.ide.mcu.externaltools.gnu-tools-for-stm32.11.3.rel1.win32_1.1.1.202309131626/tools/bin/../lib/gcc/arm-none-eabi/11.3.1/thumb/v7e-m+fp/hard/crti.o
LOAD C:/ST/STM32CubeIDE_1.13.2/STM32CubeIDE/plugins/com.st.stm32cube.ide.mcu.externaltools.gnu-tools-for-stm32.11.3.rel1.win32_1.1.1.202309131626/tools/bin/../lib/gcc/arm-none-eabi/11.3.1/thumb/v7e-m+fp/hard/crtbegin.o
LOAD C:/ST/STM32CubeIDE_1.13.2/STM32CubeIDE/plugins/com.st.stm32cube.ide.mcu.externaltools.gnu-tools-for-stm32.11.3.rel1.win32_1.1.1.202309131626/tools/bin/../lib/gcc/arm-none-eabi/11.3.1/../../../../arm-none-eabi/lib/thumb/v7e-m+fp/hard/crt0.o
LOAD ./Core/Src/ADXL.o
LOAD ./Core/Src/TOF_Control.o
LOAD ./Core/Src/app_freertos.o
LOAD ./Core/Src/dma.o
LOAD ./Core/Src/gpio.o
LOAD ./Core/Src/i2c-mux.o
LOAD ./Core/Src/i2c.o
LOAD ./Core/Src/lptim.o
LOAD ./Core/Src/main.o
LOAD ./Core/Src/memorymap.o
LOAD ./Core/Src/stm32wbxx_hal_msp.o
LOAD ./Core/Src/stm32wbxx_hal_timebase_tim.o
LOAD ./Core/Src/stm32wbxx_it.o
LOAD ./Core/Src/syscalls.o
LOAD ./Core/Src/sysmem.o
LOAD ./Core/Src/system_stm32wbxx.o
LOAD ./Core/Src/tim.o
LOAD ./Core/Src/usart.o
LOAD ./Core/Startup/startup_stm32wb55ccux.o
LOAD ./Drivers/STM32WBxx_HAL_Driver/Src/stm32wbxx_hal.o
LOAD ./Drivers/STM32WBxx_HAL_Driver/Src/stm32wbxx_hal_cortex.o
LOAD ./Drivers/STM32WBxx_HAL_Driver/Src/stm32wbxx_hal_dma.o
LOAD ./Drivers/STM32WBxx_HAL_Driver/Src/stm32wbxx_hal_dma_ex.o
LOAD ./Drivers/STM32WBxx_HAL_Driver/Src/stm32wbxx_hal_exti.o
LOAD ./Drivers/STM32WBxx_HAL_Driver/Src/stm32wbxx_hal_flash.o
LOAD ./Drivers/STM32WBxx_HAL_Driver/Src/stm32wbxx_hal_flash_ex.o
LOAD ./Drivers/STM32WBxx_HAL_Driver/Src/stm32wbxx_hal_gpio.o
LOAD ./Drivers/STM32WBxx_HAL_Driver/Src/stm32wbxx_hal_hsem.o
LOAD ./Drivers/STM32WBxx_HAL_Driver/Src/stm32wbxx_hal_i2c.o
LOAD ./Drivers/STM32WBxx_HAL_Driver/Src/stm32wbxx_hal_i2c_ex.o
LOAD ./Drivers/STM32WBxx_HAL_Driver/Src/stm32wbxx_hal_lptim.o
LOAD ./Drivers/STM32WBxx_HAL_Driver/Src/stm32wbxx_hal_pwr.o
LOAD ./Drivers/STM32WBxx_HAL_Driver/Src/stm32wbxx_hal_pwr_ex.o
LOAD ./Drivers/STM32WBxx_HAL_Driver/Src/stm32wbxx_hal_rcc.o
LOAD ./Drivers/STM32WBxx_HAL_Driver/Src/stm32wbxx_hal_rcc_ex.o
LOAD ./Drivers/STM32WBxx_HAL_Driver/Src/stm32wbxx_hal_tim.o
LOAD ./Drivers/STM32WBxx_HAL_Driver/Src/stm32wbxx_hal_tim_ex.o
LOAD ./Drivers/STM32WBxx_HAL_Driver/Src/stm32wbxx_hal_uart.o
LOAD ./Drivers/STM32WBxx_HAL_Driver/Src/stm32wbxx_hal_uart_ex.o
LOAD ./Drivers/STM32WBxx_HAL_Driver/Src/stm32wbxx_ll_rcc.o
LOAD ./Middlewares/Third_Party/FreeRTOS/Source/CMSIS_RTOS/cmsis_os.o
LOAD ./Middlewares/Third_Party/FreeRTOS/Source/croutine.o
LOAD ./Middlewares/Third_Party/FreeRTOS/Source/event_groups.o
LOAD ./Middlewares/Third_Party/FreeRTOS/Source/list.o
LOAD ./Middlewares/Third_Party/FreeRTOS/Source/queue.o
LOAD ./Middlewares/Third_Party/FreeRTOS/Source/stream_buffer.o
LOAD ./Middlewares/Third_Party/FreeRTOS/Source/tasks.o
LOAD ./Middlewares/Third_Party/FreeRTOS/Source/timers.o
LOAD ./Middlewares/Third_Party/FreeRTOS/Source/portable/GCC/ARM_CM4F/port.o
LOAD ./Middlewares/Third_Party/FreeRTOS/Source/portable/MemMang/heap_4.o
LOAD ./VL53L0X_API/core/vl53l0x_api.o
LOAD ./VL53L0X_API/core/vl53l0x_api_calibration.o
LOAD ./VL53L0X_API/core/vl53l0x_api_core.o
LOAD ./VL53L0X_API/core/vl53l0x_api_ranging.o
LOAD ./VL53L0X_API/core/vl53l0x_api_strings.o
LOAD ./VL53L0X_API/platform/vl53l0x_platform.o
LOAD ./VL53L0X_API/platform/vl53l0x_platform_log.o
START GROUP
LOAD C:/ST/STM32CubeIDE_1.13.2/STM32CubeIDE/plugins/com.st.stm32cube.ide.mcu.externaltools.gnu-tools-for-stm32.11.3.rel1.win32_1.1.1.202309131626/tools/bin/../lib/gcc/arm-none-eabi/11.3.1/../../../../arm-none-eabi/lib/thumb/v7e-m+fp/hard\libc_nano.a
LOAD C:/ST/STM32CubeIDE_1.13.2/STM32CubeIDE/plugins/com.st.stm32cube.ide.mcu.externaltools.gnu-tools-for-stm32.11.3.rel1.win32_1.1.1.202309131626/tools/bin/../lib/gcc/arm-none-eabi/11.3.1/../../../../arm-none-eabi/lib/thumb/v7e-m+fp/hard\libm.a
END GROUP
START GROUP
LOAD C:/ST/STM32CubeIDE_1.13.2/STM32CubeIDE/plugins/com.st.stm32cube.ide.mcu.externaltools.gnu-tools-for-stm32.11.3.rel1.win32_1.1.1.202309131626/tools/bin/../lib/gcc/arm-none-eabi/11.3.1/thumb/v7e-m+fp/hard\libgcc.a
LOAD C:/ST/STM32CubeIDE_1.13.2/STM32CubeIDE/plugins/com.st.stm32cube.ide.mcu.externaltools.gnu-tools-for-stm32.11.3.rel1.win32_1.1.1.202309131626/tools/bin/../lib/gcc/arm-none-eabi/11.3.1/../../../../arm-none-eabi/lib/thumb/v7e-m+fp/hard\libc_nano.a
END GROUP
START GROUP
LOAD C:/ST/STM32CubeIDE_1.13.2/STM32CubeIDE/plugins/com.st.stm32cube.ide.mcu.externaltools.gnu-tools-for-stm32.11.3.rel1.win32_1.1.1.202309131626/tools/bin/../lib/gcc/arm-none-eabi/11.3.1/thumb/v7e-m+fp/hard\libgcc.a
LOAD C:/ST/STM32CubeIDE_1.13.2/STM32CubeIDE/plugins/com.st.stm32cube.ide.mcu.externaltools.gnu-tools-for-stm32.11.3.rel1.win32_1.1.1.202309131626/tools/bin/../lib/gcc/arm-none-eabi/11.3.1/../../../../arm-none-eabi/lib/thumb/v7e-m+fp/hard\libc_nano.a
LOAD C:/ST/STM32CubeIDE_1.13.2/STM32CubeIDE/plugins/com.st.stm32cube.ide.mcu.externaltools.gnu-tools-for-stm32.11.3.rel1.win32_1.1.1.202309131626/tools/bin/../lib/gcc/arm-none-eabi/11.3.1/../../../../arm-none-eabi/lib/thumb/v7e-m+fp/hard\libnosys.a
END GROUP
START GROUP
LOAD C:/ST/STM32CubeIDE_1.13.2/STM32CubeIDE/plugins/com.st.stm32cube.ide.mcu.externaltools.gnu-tools-for-stm32.11.3.rel1.win32_1.1.1.202309131626/tools/bin/../lib/gcc/arm-none-eabi/11.3.1/thumb/v7e-m+fp/hard\libgcc.a
LOAD C:/ST/STM32CubeIDE_1.13.2/STM32CubeIDE/plugins/com.st.stm32cube.ide.mcu.externaltools.gnu-tools-for-stm32.11.3.rel1.win32_1.1.1.202309131626/tools/bin/../lib/gcc/arm-none-eabi/11.3.1/../../../../arm-none-eabi/lib/thumb/v7e-m+fp/hard\libc_nano.a
LOAD C:/ST/STM32CubeIDE_1.13.2/STM32CubeIDE/plugins/com.st.stm32cube.ide.mcu.externaltools.gnu-tools-for-stm32.11.3.rel1.win32_1.1.1.202309131626/tools/bin/../lib/gcc/arm-none-eabi/11.3.1/../../../../arm-none-eabi/lib/thumb/v7e-m+fp/hard\libnosys.a
END GROUP
LOAD C:/ST/STM32CubeIDE_1.13.2/STM32CubeIDE/plugins/com.st.stm32cube.ide.mcu.externaltools.gnu-tools-for-stm32.11.3.rel1.win32_1.1.1.202309131626/tools/bin/../lib/gcc/arm-none-eabi/11.3.1/thumb/v7e-m+fp/hard/crtend.o
LOAD C:/ST/STM32CubeIDE_1.13.2/STM32CubeIDE/plugins/com.st.stm32cube.ide.mcu.externaltools.gnu-tools-for-stm32.11.3.rel1.win32_1.1.1.202309131626/tools/bin/../lib/gcc/arm-none-eabi/11.3.1/thumb/v7e-m+fp/hard/crtn.o
                0x0000000020010000                _estack = (ORIGIN (RAM1) + LENGTH (RAM1))
                0x0000000000000200                _Min_Heap_Size = 0x200
                0x0000000000000400                _Min_Stack_Size = 0x400

.isr_vector     0x0000000008000000      0x13c
                0x0000000008000000                . = ALIGN (0x4)
 *(.isr_vector)
 .isr_vector    0x0000000008000000      0x13c ./Core/Startup/startup_stm32wb55ccux.o
                0x0000000008000000                g_pfnVectors
                0x000000000800013c                . = ALIGN (0x4)

.text           0x0000000008000140     0xfb40
                0x0000000008000140                . = ALIGN (0x4)
 *(.text)
 .text          0x0000000008000140       0x40 C:/ST/STM32CubeIDE_1.13.2/STM32CubeIDE/plugins/com.st.stm32cube.ide.mcu.externaltools.gnu-tools-for-stm32.11.3.rel1.win32_1.1.1.202309131626/tools/bin/../lib/gcc/arm-none-eabi/11.3.1/thumb/v7e-m+fp/hard/crtbegin.o
 .text          0x0000000008000180       0xa0 C:/ST/STM32CubeIDE_1.13.2/STM32CubeIDE/plugins/com.st.stm32cube.ide.mcu.externaltools.gnu-tools-for-stm32.11.3.rel1.win32_1.1.1.202309131626/tools/bin/../lib/gcc/arm-none-eabi/11.3.1/../../../../arm-none-eabi/lib/thumb/v7e-m+fp/hard\libc_nano.a(libc_a-memchr.o)
                0x0000000008000180                memchr
 .text          0x0000000008000220       0x30 C:/ST/STM32CubeIDE_1.13.2/STM32CubeIDE/plugins/com.st.stm32cube.ide.mcu.externaltools.gnu-tools-for-stm32.11.3.rel1.win32_1.1.1.202309131626/tools/bin/../lib/gcc/arm-none-eabi/11.3.1/thumb/v7e-m+fp/hard\libgcc.a(_aeabi_uldivmod.o)
                0x0000000008000220                __aeabi_uldivmod
 .text          0x0000000008000250      0x2c8 C:/ST/STM32CubeIDE_1.13.2/STM32CubeIDE/plugins/com.st.stm32cube.ide.mcu.externaltools.gnu-tools-for-stm32.11.3.rel1.win32_1.1.1.202309131626/tools/bin/../lib/gcc/arm-none-eabi/11.3.1/thumb/v7e-m+fp/hard\libgcc.a(_udivmoddi4.o)
                0x0000000008000250                __udivmoddi4
 .text          0x0000000008000518        0x4 C:/ST/STM32CubeIDE_1.13.2/STM32CubeIDE/plugins/com.st.stm32cube.ide.mcu.externaltools.gnu-tools-for-stm32.11.3.rel1.win32_1.1.1.202309131626/tools/bin/../lib/gcc/arm-none-eabi/11.3.1/thumb/v7e-m+fp/hard\libgcc.a(_dvmd_tls.o)
                0x0000000008000518                __aeabi_idiv0
                0x0000000008000518                __aeabi_ldiv0
 *(.text*)
 .text.ADXL_getAccel
                0x000000000800051c      0x120 ./Core/Src/ADXL.o
                0x000000000800051c                ADXL_getAccel
 .text.writeRegister
                0x000000000800063c       0x44 ./Core/Src/ADXL.o
 .text.readRegister
                0x0000000008000680       0x44 ./Core/Src/ADXL.o
 .text.ADXL_Init
                0x00000000080006c4      0x148 ./Core/Src/ADXL.o
                0x00000000080006c4                ADXL_Init
 .text.adxlBW   0x000000000800080c       0x88 ./Core/Src/ADXL.o
 .text.adxlFormat
                0x0000000008000894       0x60 ./Core/Src/ADXL.o
 .text.ADXL_Measure
                0x00000000080008f4       0x62 ./Core/Src/ADXL.o
                0x00000000080008f4                ADXL_Measure
 .text.ADXL_SetOffset
                0x0000000008000956       0x38 ./Core/Src/ADXL.o
                0x0000000008000956                ADXL_SetOffset
 .text.ADXL_enableSingleTap
                0x000000000800098e       0xa8 ./Core/Src/ADXL.o
                0x000000000800098e                ADXL_enableSingleTap
 .text.ADXL_disableSingleTap
                0x0000000008000a36       0x32 ./Core/Src/ADXL.o
                0x0000000008000a36                ADXL_disableSingleTap
 .text.ADXL_IntProto
                0x0000000008000a68       0x1e ./Core/Src/ADXL.o
                0x0000000008000a68                ADXL_IntProto
 *fill*         0x0000000008000a86        0x2 
 .text.configure_TOF
                0x0000000008000a88       0xfc ./Core/Src/TOF_Control.o
                0x0000000008000a88                configure_TOF
 .text.TOF_Init
                0x0000000008000b84      0x27c ./Core/Src/TOF_Control.o
                0x0000000008000b84                TOF_Init
 .text.data_read_TOF
                0x0000000008000e00       0x6c ./Core/Src/TOF_Control.o
                0x0000000008000e00                data_read_TOF
 .text.MX_FREERTOS_Init
                0x0000000008000e6c       0x34 ./Core/Src/app_freertos.o
                0x0000000008000e6c                MX_FREERTOS_Init
 .text.StartDefaultTask
                0x0000000008000ea0       0x10 ./Core/Src/app_freertos.o
                0x0000000008000ea0                StartDefaultTask
 .text.LL_AHB1_GRP1_EnableClock
                0x0000000008000eb0       0x32 ./Core/Src/dma.o
 .text.MX_DMA_Init
                0x0000000008000ee2       0x24 ./Core/Src/dma.o
                0x0000000008000ee2                MX_DMA_Init
 .text.LL_AHB2_GRP1_EnableClock
                0x0000000008000f06       0x32 ./Core/Src/gpio.o
 .text.MX_GPIO_Init
                0x0000000008000f38       0x64 ./Core/Src/gpio.o
                0x0000000008000f38                MX_GPIO_Init
 .text.i2c_mux_select_multi
                0x0000000008000f9c       0x56 ./Core/Src/i2c-mux.o
                0x0000000008000f9c                i2c_mux_select_multi
 .text.LL_AHB2_GRP1_EnableClock
                0x0000000008000ff2       0x32 ./Core/Src/i2c.o
 .text.LL_APB1_GRP1_EnableClock
                0x0000000008001024       0x32 ./Core/Src/i2c.o
 *fill*         0x0000000008001056        0x2 
 .text.MX_I2C1_Init
                0x0000000008001058       0x7c ./Core/Src/i2c.o
                0x0000000008001058                MX_I2C1_Init
 .text.MX_I2C3_Init
                0x00000000080010d4       0x7c ./Core/Src/i2c.o
                0x00000000080010d4                MX_I2C3_Init
 .text.HAL_I2C_MspInit
                0x0000000008001150      0x17c ./Core/Src/i2c.o
                0x0000000008001150                HAL_I2C_MspInit
 .text.LL_AHB2_GRP1_EnableClock
                0x00000000080012cc       0x32 ./Core/Src/lptim.o
 .text.LL_APB1_GRP1_EnableClock
                0x00000000080012fe       0x32 ./Core/Src/lptim.o
 .text.MX_LPTIM1_Init
                0x0000000008001330       0x68 ./Core/Src/lptim.o
                0x0000000008001330                MX_LPTIM1_Init
 .text.HAL_LPTIM_MspInit
                0x0000000008001398       0x8c ./Core/Src/lptim.o
                0x0000000008001398                HAL_LPTIM_MspInit
 .text.__io_putchar
                0x0000000008001424       0x24 ./Core/Src/main.o
                0x0000000008001424                __io_putchar
 .text.HAL_GPIO_EXTI_Callback
                0x0000000008001448       0x8c ./Core/Src/main.o
                0x0000000008001448                HAL_GPIO_EXTI_Callback
 .text.taskAccelDetection
                0x00000000080014d4       0x74 ./Core/Src/main.o
                0x00000000080014d4                taskAccelDetection
 .text.taskTOFDetection
                0x0000000008001548       0x88 ./Core/Src/main.o
                0x0000000008001548                taskTOFDetection
 .text.main     0x00000000080015d0       0xac ./Core/Src/main.o
                0x00000000080015d0                main
 .text.SystemClock_Config
                0x000000000800167c       0xb0 ./Core/Src/main.o
                0x000000000800167c                SystemClock_Config
 .text.PeriphCommonClock_Config
                0x000000000800172c       0x3a ./Core/Src/main.o
                0x000000000800172c                PeriphCommonClock_Config
 *fill*         0x0000000008001766        0x2 
 .text.HAL_TIM_PeriodElapsedCallback
                0x0000000008001768       0x64 ./Core/Src/main.o
                0x0000000008001768                HAL_TIM_PeriodElapsedCallback
 .text.Error_Handler
                0x00000000080017cc        0xa ./Core/Src/main.o
                0x00000000080017cc                Error_Handler
 .text.MX_MEMORYMAP_Init
                0x00000000080017d6        0xe ./Core/Src/memorymap.o
                0x00000000080017d6                MX_MEMORYMAP_Init
 .text.HAL_MspInit
                0x00000000080017e4       0x14 ./Core/Src/stm32wbxx_hal_msp.o
                0x00000000080017e4                HAL_MspInit
 .text.LL_APB2_GRP1_EnableClock
                0x00000000080017f8       0x32 ./Core/Src/stm32wbxx_hal_timebase_tim.o
 *fill*         0x000000000800182a        0x2 
 .text.HAL_InitTick
                0x000000000800182c       0x98 ./Core/Src/stm32wbxx_hal_timebase_tim.o
                0x000000000800182c                HAL_InitTick
 .text.NMI_Handler
                0x00000000080018c4        0x6 ./Core/Src/stm32wbxx_it.o
                0x00000000080018c4                NMI_Handler
 .text.HardFault_Handler
                0x00000000080018ca        0x6 ./Core/Src/stm32wbxx_it.o
                0x00000000080018ca                HardFault_Handler
 .text.MemManage_Handler
                0x00000000080018d0        0x6 ./Core/Src/stm32wbxx_it.o
                0x00000000080018d0                MemManage_Handler
 .text.BusFault_Handler
                0x00000000080018d6        0x6 ./Core/Src/stm32wbxx_it.o
                0x00000000080018d6                BusFault_Handler
 .text.UsageFault_Handler
                0x00000000080018dc        0x6 ./Core/Src/stm32wbxx_it.o
                0x00000000080018dc                UsageFault_Handler
 .text.DebugMon_Handler
                0x00000000080018e2        0xe ./Core/Src/stm32wbxx_it.o
                0x00000000080018e2                DebugMon_Handler
 .text.EXTI0_IRQHandler
                0x00000000080018f0        0xe ./Core/Src/stm32wbxx_it.o
                0x00000000080018f0                EXTI0_IRQHandler
 .text.EXTI1_IRQHandler
                0x00000000080018fe        0xe ./Core/Src/stm32wbxx_it.o
                0x00000000080018fe                EXTI1_IRQHandler
 .text.DMA1_Channel1_IRQHandler
                0x000000000800190c       0x14 ./Core/Src/stm32wbxx_it.o
                0x000000000800190c                DMA1_Channel1_IRQHandler
 .text.TIM1_UP_TIM16_IRQHandler
                0x0000000008001920       0x1c ./Core/Src/stm32wbxx_it.o
                0x0000000008001920                TIM1_UP_TIM16_IRQHandler
 .text.TIM1_TRG_COM_TIM17_IRQHandler
                0x000000000800193c       0x1c ./Core/Src/stm32wbxx_it.o
                0x000000000800193c                TIM1_TRG_COM_TIM17_IRQHandler
 .text.I2C3_EV_IRQHandler
                0x0000000008001958       0x14 ./Core/Src/stm32wbxx_it.o
                0x0000000008001958                I2C3_EV_IRQHandler
 .text.LPUART1_IRQHandler
                0x000000000800196c       0x14 ./Core/Src/stm32wbxx_it.o
                0x000000000800196c                LPUART1_IRQHandler
 .text._read    0x0000000008001980       0x3a ./Core/Src/syscalls.o
                0x0000000008001980                _read
 .text._write   0x00000000080019ba       0x38 ./Core/Src/syscalls.o
                0x00000000080019ba                _write
 .text._close   0x00000000080019f2       0x18 ./Core/Src/syscalls.o
                0x00000000080019f2                _close
 .text._fstat   0x0000000008001a0a       0x20 ./Core/Src/syscalls.o
                0x0000000008001a0a                _fstat
 .text._isatty  0x0000000008001a2a       0x16 ./Core/Src/syscalls.o
                0x0000000008001a2a                _isatty
 .text._lseek   0x0000000008001a40       0x1a ./Core/Src/syscalls.o
                0x0000000008001a40                _lseek
 *fill*         0x0000000008001a5a        0x2 
 .text._sbrk    0x0000000008001a5c       0x6c ./Core/Src/sysmem.o
                0x0000000008001a5c                _sbrk
 .text.SystemInit
                0x0000000008001ac8       0xa4 ./Core/Src/system_stm32wbxx.o
                0x0000000008001ac8                SystemInit
 .text.LL_AHB2_GRP1_EnableClock
                0x0000000008001b6c       0x32 ./Core/Src/tim.o
 .text.LL_APB1_GRP1_EnableClock
                0x0000000008001b9e       0x32 ./Core/Src/tim.o
 .text.LL_APB2_GRP1_EnableClock
                0x0000000008001bd0       0x32 ./Core/Src/tim.o
 *fill*         0x0000000008001c02        0x2 
 .text.MX_TIM1_Init
                0x0000000008001c04      0x1b0 ./Core/Src/tim.o
                0x0000000008001c04                MX_TIM1_Init
 .text.MX_TIM2_Init
                0x0000000008001db4       0xa8 ./Core/Src/tim.o
                0x0000000008001db4                MX_TIM2_Init
 .text.MX_TIM17_Init
                0x0000000008001e5c       0x4c ./Core/Src/tim.o
                0x0000000008001e5c                MX_TIM17_Init
 .text.HAL_TIM_Base_MspInit
                0x0000000008001ea8       0x70 ./Core/Src/tim.o
                0x0000000008001ea8                HAL_TIM_Base_MspInit
 .text.HAL_TIM_Encoder_MspInit
                0x0000000008001f18       0x58 ./Core/Src/tim.o
                0x0000000008001f18                HAL_TIM_Encoder_MspInit
 .text.HAL_TIM_MspPostInit
                0x0000000008001f70       0x58 ./Core/Src/tim.o
                0x0000000008001f70                HAL_TIM_MspPostInit
 .text.LL_AHB2_GRP1_EnableClock
                0x0000000008001fc8       0x32 ./Core/Src/usart.o
 .text.LL_APB1_GRP2_EnableClock
                0x0000000008001ffa       0x32 ./Core/Src/usart.o
 .text.MX_LPUART1_UART_Init
                0x000000000800202c       0x9c ./Core/Src/usart.o
                0x000000000800202c                MX_LPUART1_UART_Init
 .text.HAL_UART_MspInit
                0x00000000080020c8       0x98 ./Core/Src/usart.o
                0x00000000080020c8                HAL_UART_MspInit
 .text.data_initializers
                0x0000000008002160       0x18 ./Core/Startup/startup_stm32wb55ccux.o
 .text.Reset_Handler
                0x0000000008002178       0x58 ./Core/Startup/startup_stm32wb55ccux.o
                0x0000000008002178                Reset_Handler
 .text.Default_Handler
                0x00000000080021d0        0x2 ./Core/Startup/startup_stm32wb55ccux.o
                0x00000000080021d0                RTC_Alarm_IRQHandler
                0x00000000080021d0                EXTI2_IRQHandler
                0x00000000080021d0                TIM1_CC_IRQHandler
                0x00000000080021d0                TSC_IRQHandler
                0x00000000080021d0                USB_HP_IRQHandler
                0x00000000080021d0                EXTI3_IRQHandler
                0x00000000080021d0                LPTIM2_IRQHandler
                0x00000000080021d0                I2C3_ER_IRQHandler
                0x00000000080021d0                FPU_IRQHandler
                0x00000000080021d0                AES1_IRQHandler
                0x00000000080021d0                SPI1_IRQHandler
                0x00000000080021d0                PWR_SOTF_BLEACT_802ACT_RFPHASE_IRQHandler
                0x00000000080021d0                DMA2_Channel2_IRQHandler
                0x00000000080021d0                DMA1_Channel4_IRQHandler
                0x00000000080021d0                ADC1_IRQHandler
                0x00000000080021d0                PKA_IRQHandler
                0x00000000080021d0                DMA1_Channel7_IRQHandler
                0x00000000080021d0                LCD_IRQHandler
                0x00000000080021d0                IPCC_C1_TX_IRQHandler
                0x00000000080021d0                DMA2_Channel1_IRQHandler
                0x00000000080021d0                QUADSPI_IRQHandler
                0x00000000080021d0                I2C1_EV_IRQHandler
                0x00000000080021d0                DMAMUX1_OVR_IRQHandler
                0x00000000080021d0                DMA1_Channel6_IRQHandler
                0x00000000080021d0                DMA2_Channel4_IRQHandler
                0x00000000080021d0                RCC_IRQHandler
                0x00000000080021d0                Default_Handler
                0x00000000080021d0                DMA2_Channel7_IRQHandler
                0x00000000080021d0                EXTI15_10_IRQHandler
                0x00000000080021d0                IPCC_C1_RX_IRQHandler
                0x00000000080021d0                C2SEV_PWR_C2H_IRQHandler
                0x00000000080021d0                AES2_IRQHandler
                0x00000000080021d0                EXTI9_5_IRQHandler
                0x00000000080021d0                RTC_WKUP_IRQHandler
                0x00000000080021d0                PVD_PVM_IRQHandler
                0x00000000080021d0                SPI2_IRQHandler
                0x00000000080021d0                DMA2_Channel5_IRQHandler
                0x00000000080021d0                CRS_IRQHandler
                0x00000000080021d0                DMA1_Channel5_IRQHandler
                0x00000000080021d0                USB_LP_IRQHandler
                0x00000000080021d0                EXTI4_IRQHandler
                0x00000000080021d0                RNG_IRQHandler
                0x00000000080021d0                TAMP_STAMP_LSECSS_IRQHandler
                0x00000000080021d0                DMA1_Channel3_IRQHandler
                0x00000000080021d0                COMP_IRQHandler
                0x00000000080021d0                HSEM_IRQHandler
                0x00000000080021d0                WWDG_IRQHandler
                0x00000000080021d0                DMA2_Channel6_IRQHandler
                0x00000000080021d0                TIM2_IRQHandler
                0x00000000080021d0                TIM1_BRK_IRQHandler
                0x00000000080021d0                DMA1_Channel2_IRQHandler
                0x00000000080021d0                FLASH_IRQHandler
                0x00000000080021d0                USART1_IRQHandler
                0x00000000080021d0                I2C1_ER_IRQHandler
                0x00000000080021d0                LPTIM1_IRQHandler
                0x00000000080021d0                SAI1_IRQHandler
                0x00000000080021d0                DMA2_Channel3_IRQHandler
 *fill*         0x00000000080021d2        0x2 
 .text.HAL_Init
                0x00000000080021d4       0x40 ./Drivers/STM32WBxx_HAL_Driver/Src/stm32wbxx_hal.o
                0x00000000080021d4                HAL_Init
 .text.HAL_IncTick
                0x0000000008002214       0x28 ./Drivers/STM32WBxx_HAL_Driver/Src/stm32wbxx_hal.o
                0x0000000008002214                HAL_IncTick
 .text.HAL_GetTick
                0x000000000800223c       0x18 ./Drivers/STM32WBxx_HAL_Driver/Src/stm32wbxx_hal.o
                0x000000000800223c                HAL_GetTick
 .text.HAL_GetTickPrio
                0x0000000008002254       0x18 ./Drivers/STM32WBxx_HAL_Driver/Src/stm32wbxx_hal.o
                0x0000000008002254                HAL_GetTickPrio
 .text.HAL_Delay
                0x000000000800226c       0x48 ./Drivers/STM32WBxx_HAL_Driver/Src/stm32wbxx_hal.o
                0x000000000800226c                HAL_Delay
 .text.__NVIC_SetPriorityGrouping
                0x00000000080022b4       0x48 ./Drivers/STM32WBxx_HAL_Driver/Src/stm32wbxx_hal_cortex.o
 .text.__NVIC_GetPriorityGrouping
                0x00000000080022fc       0x1c ./Drivers/STM32WBxx_HAL_Driver/Src/stm32wbxx_hal_cortex.o
 .text.__NVIC_EnableIRQ
                0x0000000008002318       0x3c ./Drivers/STM32WBxx_HAL_Driver/Src/stm32wbxx_hal_cortex.o
 .text.__NVIC_SetPriority
                0x0000000008002354       0x54 ./Drivers/STM32WBxx_HAL_Driver/Src/stm32wbxx_hal_cortex.o
 .text.NVIC_EncodePriority
                0x00000000080023a8       0x66 ./Drivers/STM32WBxx_HAL_Driver/Src/stm32wbxx_hal_cortex.o
 .text.HAL_NVIC_SetPriorityGrouping
                0x000000000800240e       0x16 ./Drivers/STM32WBxx_HAL_Driver/Src/stm32wbxx_hal_cortex.o
                0x000000000800240e                HAL_NVIC_SetPriorityGrouping
 .text.HAL_NVIC_SetPriority
                0x0000000008002424       0x34 ./Drivers/STM32WBxx_HAL_Driver/Src/stm32wbxx_hal_cortex.o
                0x0000000008002424                HAL_NVIC_SetPriority
 .text.HAL_NVIC_EnableIRQ
                0x0000000008002458       0x1c ./Drivers/STM32WBxx_HAL_Driver/Src/stm32wbxx_hal_cortex.o
                0x0000000008002458                HAL_NVIC_EnableIRQ
 .text.HAL_DMA_Init
                0x0000000008002474      0x150 ./Drivers/STM32WBxx_HAL_Driver/Src/stm32wbxx_hal_dma.o
                0x0000000008002474                HAL_DMA_Init
 .text.HAL_DMA_Abort
                0x00000000080025c4       0xbe ./Drivers/STM32WBxx_HAL_Driver/Src/stm32wbxx_hal_dma.o
                0x00000000080025c4                HAL_DMA_Abort
 .text.HAL_DMA_Abort_IT
                0x0000000008002682       0xbe ./Drivers/STM32WBxx_HAL_Driver/Src/stm32wbxx_hal_dma.o
                0x0000000008002682                HAL_DMA_Abort_IT
 .text.HAL_DMA_IRQHandler
                0x0000000008002740      0x15e ./Drivers/STM32WBxx_HAL_Driver/Src/stm32wbxx_hal_dma.o
                0x0000000008002740                HAL_DMA_IRQHandler
 *fill*         0x000000000800289e        0x2 
 .text.DMA_CalcDMAMUXChannelBaseAndMask
                0x00000000080028a0       0x7c ./Drivers/STM32WBxx_HAL_Driver/Src/stm32wbxx_hal_dma.o
 .text.DMA_CalcDMAMUXRequestGenBaseAndMask
                0x000000000800291c       0x4c ./Drivers/STM32WBxx_HAL_Driver/Src/stm32wbxx_hal_dma.o
 .text.HAL_GPIO_Init
                0x0000000008002968      0x2e0 ./Drivers/STM32WBxx_HAL_Driver/Src/stm32wbxx_hal_gpio.o
                0x0000000008002968                HAL_GPIO_Init
 .text.HAL_GPIO_EXTI_IRQHandler
                0x0000000008002c48       0x30 ./Drivers/STM32WBxx_HAL_Driver/Src/stm32wbxx_hal_gpio.o
                0x0000000008002c48                HAL_GPIO_EXTI_IRQHandler
 .text.HAL_I2C_Init
                0x0000000008002c78      0x136 ./Drivers/STM32WBxx_HAL_Driver/Src/stm32wbxx_hal_i2c.o
                0x0000000008002c78                HAL_I2C_Init
 *fill*         0x0000000008002dae        0x2 
 .text.HAL_I2C_Master_Transmit
                0x0000000008002db0      0x230 ./Drivers/STM32WBxx_HAL_Driver/Src/stm32wbxx_hal_i2c.o
                0x0000000008002db0                HAL_I2C_Master_Transmit
 .text.HAL_I2C_Master_Receive
                0x0000000008002fe0      0x1ec ./Drivers/STM32WBxx_HAL_Driver/Src/stm32wbxx_hal_i2c.o
                0x0000000008002fe0                HAL_I2C_Master_Receive
 .text.HAL_I2C_Mem_Write
                0x00000000080031cc      0x228 ./Drivers/STM32WBxx_HAL_Driver/Src/stm32wbxx_hal_i2c.o
                0x00000000080031cc                HAL_I2C_Mem_Write
 .text.HAL_I2C_Mem_Read
                0x00000000080033f4      0x234 ./Drivers/STM32WBxx_HAL_Driver/Src/stm32wbxx_hal_i2c.o
                0x00000000080033f4                HAL_I2C_Mem_Read
 .text.HAL_I2C_EV_IRQHandler
                0x0000000008003628       0x34 ./Drivers/STM32WBxx_HAL_Driver/Src/stm32wbxx_hal_i2c.o
                0x0000000008003628                HAL_I2C_EV_IRQHandler
 .text.I2C_RequestMemoryWrite
                0x000000000800365c       0xa8 ./Drivers/STM32WBxx_HAL_Driver/Src/stm32wbxx_hal_i2c.o
 .text.I2C_RequestMemoryRead
                0x0000000008003704       0xa8 ./Drivers/STM32WBxx_HAL_Driver/Src/stm32wbxx_hal_i2c.o
 .text.I2C_Flush_TXDR
                0x00000000080037ac       0x48 ./Drivers/STM32WBxx_HAL_Driver/Src/stm32wbxx_hal_i2c.o
 .text.I2C_WaitOnFlagUntilTimeout
                0x00000000080037f4       0x9e ./Drivers/STM32WBxx_HAL_Driver/Src/stm32wbxx_hal_i2c.o
 .text.I2C_WaitOnTXISFlagUntilTimeout
                0x0000000008003892       0x8e ./Drivers/STM32WBxx_HAL_Driver/Src/stm32wbxx_hal_i2c.o
 .text.I2C_WaitOnSTOPFlagUntilTimeout
                0x0000000008003920       0x86 ./Drivers/STM32WBxx_HAL_Driver/Src/stm32wbxx_hal_i2c.o
 *fill*         0x00000000080039a6        0x2 
 .text.I2C_WaitOnRXNEFlagUntilTimeout
                0x00000000080039a8      0x104 ./Drivers/STM32WBxx_HAL_Driver/Src/stm32wbxx_hal_i2c.o
 .text.I2C_IsErrorOccurred
                0x0000000008003aac      0x1c0 ./Drivers/STM32WBxx_HAL_Driver/Src/stm32wbxx_hal_i2c.o
 .text.I2C_TransferConfig
                0x0000000008003c6c       0x64 ./Drivers/STM32WBxx_HAL_Driver/Src/stm32wbxx_hal_i2c.o
 .text.HAL_I2CEx_ConfigAnalogFilter
                0x0000000008003cd0       0x96 ./Drivers/STM32WBxx_HAL_Driver/Src/stm32wbxx_hal_i2c_ex.o
                0x0000000008003cd0                HAL_I2CEx_ConfigAnalogFilter
 .text.HAL_I2CEx_ConfigDigitalFilter
                0x0000000008003d66       0x98 ./Drivers/STM32WBxx_HAL_Driver/Src/stm32wbxx_hal_i2c_ex.o
                0x0000000008003d66                HAL_I2CEx_ConfigDigitalFilter
 *fill*         0x0000000008003dfe        0x2 
 .text.HAL_LPTIM_Init
                0x0000000008003e00      0x144 ./Drivers/STM32WBxx_HAL_Driver/Src/stm32wbxx_hal_lptim.o
                0x0000000008003e00                HAL_LPTIM_Init
 .text.HAL_PWR_EnableBkUpAccess
                0x0000000008003f44       0x20 ./Drivers/STM32WBxx_HAL_Driver/Src/stm32wbxx_hal_pwr.o
                0x0000000008003f44                HAL_PWR_EnableBkUpAccess
 .text.HAL_PWREx_GetVoltageRange
                0x0000000008003f64       0x1c ./Drivers/STM32WBxx_HAL_Driver/Src/stm32wbxx_hal_pwr_ex.o
                0x0000000008003f64                HAL_PWREx_GetVoltageRange
 .text.LL_RCC_HSE_IsEnabledDiv2
                0x0000000008003f80       0x24 ./Drivers/STM32WBxx_HAL_Driver/Src/stm32wbxx_hal_rcc.o
 .text.LL_RCC_HSE_Enable
                0x0000000008003fa4       0x1e ./Drivers/STM32WBxx_HAL_Driver/Src/stm32wbxx_hal_rcc.o
 .text.LL_RCC_HSE_Disable
                0x0000000008003fc2       0x1e ./Drivers/STM32WBxx_HAL_Driver/Src/stm32wbxx_hal_rcc.o
 .text.LL_RCC_HSE_IsReady
                0x0000000008003fe0       0x24 ./Drivers/STM32WBxx_HAL_Driver/Src/stm32wbxx_hal_rcc.o
 .text.LL_RCC_HSI_Enable
                0x0000000008004004       0x1e ./Drivers/STM32WBxx_HAL_Driver/Src/stm32wbxx_hal_rcc.o
 .text.LL_RCC_HSI_Disable
                0x0000000008004022       0x1e ./Drivers/STM32WBxx_HAL_Driver/Src/stm32wbxx_hal_rcc.o
 .text.LL_RCC_HSI_IsReady
                0x0000000008004040       0x24 ./Drivers/STM32WBxx_HAL_Driver/Src/stm32wbxx_hal_rcc.o
 .text.LL_RCC_HSI_SetCalibTrimming
                0x0000000008004064       0x2a ./Drivers/STM32WBxx_HAL_Driver/Src/stm32wbxx_hal_rcc.o
 .text.LL_RCC_HSI48_Enable
                0x000000000800408e       0x22 ./Drivers/STM32WBxx_HAL_Driver/Src/stm32wbxx_hal_rcc.o
 .text.LL_RCC_HSI48_Disable
                0x00000000080040b0       0x22 ./Drivers/STM32WBxx_HAL_Driver/Src/stm32wbxx_hal_rcc.o
 .text.LL_RCC_HSI48_IsReady
                0x00000000080040d2       0x24 ./Drivers/STM32WBxx_HAL_Driver/Src/stm32wbxx_hal_rcc.o
 .text.LL_RCC_LSE_Enable
                0x00000000080040f6       0x22 ./Drivers/STM32WBxx_HAL_Driver/Src/stm32wbxx_hal_rcc.o
 .text.LL_RCC_LSE_Disable
                0x0000000008004118       0x22 ./Drivers/STM32WBxx_HAL_Driver/Src/stm32wbxx_hal_rcc.o
 .text.LL_RCC_LSE_EnableBypass
                0x000000000800413a       0x22 ./Drivers/STM32WBxx_HAL_Driver/Src/stm32wbxx_hal_rcc.o
 .text.LL_RCC_LSE_DisableBypass
                0x000000000800415c       0x22 ./Drivers/STM32WBxx_HAL_Driver/Src/stm32wbxx_hal_rcc.o
 .text.LL_RCC_LSE_IsReady
                0x000000000800417e       0x24 ./Drivers/STM32WBxx_HAL_Driver/Src/stm32wbxx_hal_rcc.o
 .text.LL_RCC_LSI1_Enable
                0x00000000080041a2       0x22 ./Drivers/STM32WBxx_HAL_Driver/Src/stm32wbxx_hal_rcc.o
 .text.LL_RCC_LSI1_Disable
                0x00000000080041c4       0x22 ./Drivers/STM32WBxx_HAL_Driver/Src/stm32wbxx_hal_rcc.o
 .text.LL_RCC_LSI1_IsReady
                0x00000000080041e6       0x24 ./Drivers/STM32WBxx_HAL_Driver/Src/stm32wbxx_hal_rcc.o
 .text.LL_RCC_LSI2_Enable
                0x000000000800420a       0x22 ./Drivers/STM32WBxx_HAL_Driver/Src/stm32wbxx_hal_rcc.o
 .text.LL_RCC_LSI2_Disable
                0x000000000800422c       0x22 ./Drivers/STM32WBxx_HAL_Driver/Src/stm32wbxx_hal_rcc.o
 .text.LL_RCC_LSI2_IsReady
                0x000000000800424e       0x24 ./Drivers/STM32WBxx_HAL_Driver/Src/stm32wbxx_hal_rcc.o
 .text.LL_RCC_LSI2_SetTrimming
                0x0000000008004272       0x2e ./Drivers/STM32WBxx_HAL_Driver/Src/stm32wbxx_hal_rcc.o
 .text.LL_RCC_MSI_Enable
                0x00000000080042a0       0x1e ./Drivers/STM32WBxx_HAL_Driver/Src/stm32wbxx_hal_rcc.o
 .text.LL_RCC_MSI_Disable
                0x00000000080042be       0x1e ./Drivers/STM32WBxx_HAL_Driver/Src/stm32wbxx_hal_rcc.o
 .text.LL_RCC_MSI_IsReady
                0x00000000080042dc       0x22 ./Drivers/STM32WBxx_HAL_Driver/Src/stm32wbxx_hal_rcc.o
 .text.LL_RCC_MSI_SetRange
                0x00000000080042fe       0x28 ./Drivers/STM32WBxx_HAL_Driver/Src/stm32wbxx_hal_rcc.o
 .text.LL_RCC_MSI_GetRange
                0x0000000008004326       0x2a ./Drivers/STM32WBxx_HAL_Driver/Src/stm32wbxx_hal_rcc.o
 .text.LL_RCC_MSI_SetCalibTrimming
                0x0000000008004350       0x2a ./Drivers/STM32WBxx_HAL_Driver/Src/stm32wbxx_hal_rcc.o
 .text.LL_RCC_SetSysClkSource
                0x000000000800437a       0x28 ./Drivers/STM32WBxx_HAL_Driver/Src/stm32wbxx_hal_rcc.o
 .text.LL_RCC_GetSysClkSource
                0x00000000080043a2       0x18 ./Drivers/STM32WBxx_HAL_Driver/Src/stm32wbxx_hal_rcc.o
 .text.LL_RCC_SetAHBPrescaler
                0x00000000080043ba       0x28 ./Drivers/STM32WBxx_HAL_Driver/Src/stm32wbxx_hal_rcc.o
 .text.LL_C2_RCC_SetAHBPrescaler
                0x00000000080043e2       0x2c ./Drivers/STM32WBxx_HAL_Driver/Src/stm32wbxx_hal_rcc.o
 .text.LL_RCC_SetAHB4Prescaler
                0x000000000800440e       0x2e ./Drivers/STM32WBxx_HAL_Driver/Src/stm32wbxx_hal_rcc.o
 .text.LL_RCC_SetAPB1Prescaler
                0x000000000800443c       0x28 ./Drivers/STM32WBxx_HAL_Driver/Src/stm32wbxx_hal_rcc.o
 .text.LL_RCC_SetAPB2Prescaler
                0x0000000008004464       0x28 ./Drivers/STM32WBxx_HAL_Driver/Src/stm32wbxx_hal_rcc.o
 .text.LL_RCC_GetAHBPrescaler
                0x000000000800448c       0x18 ./Drivers/STM32WBxx_HAL_Driver/Src/stm32wbxx_hal_rcc.o
 .text.LL_C2_RCC_GetAHBPrescaler
                0x00000000080044a4       0x1a ./Drivers/STM32WBxx_HAL_Driver/Src/stm32wbxx_hal_rcc.o
 .text.LL_RCC_GetAHB4Prescaler
                0x00000000080044be       0x1c ./Drivers/STM32WBxx_HAL_Driver/Src/stm32wbxx_hal_rcc.o
 .text.LL_RCC_GetAPB1Prescaler
                0x00000000080044da       0x18 ./Drivers/STM32WBxx_HAL_Driver/Src/stm32wbxx_hal_rcc.o
 .text.LL_RCC_GetAPB2Prescaler
                0x00000000080044f2       0x18 ./Drivers/STM32WBxx_HAL_Driver/Src/stm32wbxx_hal_rcc.o
 .text.LL_RCC_PLL_Enable
                0x000000000800450a       0x1e ./Drivers/STM32WBxx_HAL_Driver/Src/stm32wbxx_hal_rcc.o
 .text.LL_RCC_PLL_Disable
                0x0000000008004528       0x1e ./Drivers/STM32WBxx_HAL_Driver/Src/stm32wbxx_hal_rcc.o
 .text.LL_RCC_PLL_IsReady
                0x0000000008004546       0x24 ./Drivers/STM32WBxx_HAL_Driver/Src/stm32wbxx_hal_rcc.o
 .text.LL_RCC_PLL_GetN
                0x000000000800456a       0x1a ./Drivers/STM32WBxx_HAL_Driver/Src/stm32wbxx_hal_rcc.o
 .text.LL_RCC_PLL_GetR
                0x0000000008004584       0x18 ./Drivers/STM32WBxx_HAL_Driver/Src/stm32wbxx_hal_rcc.o
 .text.LL_RCC_PLL_GetDivider
                0x000000000800459c       0x18 ./Drivers/STM32WBxx_HAL_Driver/Src/stm32wbxx_hal_rcc.o
 .text.LL_RCC_PLL_GetMainSource
                0x00000000080045b4       0x18 ./Drivers/STM32WBxx_HAL_Driver/Src/stm32wbxx_hal_rcc.o
 .text.LL_RCC_IsActiveFlag_HPRE
                0x00000000080045cc       0x24 ./Drivers/STM32WBxx_HAL_Driver/Src/stm32wbxx_hal_rcc.o
 .text.LL_RCC_IsActiveFlag_C2HPRE
                0x00000000080045f0       0x26 ./Drivers/STM32WBxx_HAL_Driver/Src/stm32wbxx_hal_rcc.o
 .text.LL_RCC_IsActiveFlag_SHDHPRE
                0x0000000008004616       0x26 ./Drivers/STM32WBxx_HAL_Driver/Src/stm32wbxx_hal_rcc.o
 .text.LL_RCC_IsActiveFlag_PPRE1
                0x000000000800463c       0x24 ./Drivers/STM32WBxx_HAL_Driver/Src/stm32wbxx_hal_rcc.o
 .text.LL_RCC_IsActiveFlag_PPRE2
                0x0000000008004660       0x24 ./Drivers/STM32WBxx_HAL_Driver/Src/stm32wbxx_hal_rcc.o
 .text.HAL_RCC_OscConfig
                0x0000000008004684      0x6e8 ./Drivers/STM32WBxx_HAL_Driver/Src/stm32wbxx_hal_rcc.o
                0x0000000008004684                HAL_RCC_OscConfig
 .text.HAL_RCC_ClockConfig
                0x0000000008004d6c      0x280 ./Drivers/STM32WBxx_HAL_Driver/Src/stm32wbxx_hal_rcc.o
                0x0000000008004d6c                HAL_RCC_ClockConfig
 .text.HAL_RCC_GetSysClockFreq
                0x0000000008004fec       0xdc ./Drivers/STM32WBxx_HAL_Driver/Src/stm32wbxx_hal_rcc.o
                0x0000000008004fec                HAL_RCC_GetSysClockFreq
 .text.HAL_RCC_GetHCLKFreq
                0x00000000080050c8       0x28 ./Drivers/STM32WBxx_HAL_Driver/Src/stm32wbxx_hal_rcc.o
                0x00000000080050c8                HAL_RCC_GetHCLKFreq
 .text.HAL_RCC_GetPCLK1Freq
                0x00000000080050f0       0x2c ./Drivers/STM32WBxx_HAL_Driver/Src/stm32wbxx_hal_rcc.o
                0x00000000080050f0                HAL_RCC_GetPCLK1Freq
 .text.HAL_RCC_GetPCLK2Freq
                0x000000000800511c       0x2c ./Drivers/STM32WBxx_HAL_Driver/Src/stm32wbxx_hal_rcc.o
                0x000000000800511c                HAL_RCC_GetPCLK2Freq
 .text.HAL_RCC_GetClockConfig
                0x0000000008005148       0x64 ./Drivers/STM32WBxx_HAL_Driver/Src/stm32wbxx_hal_rcc.o
                0x0000000008005148                HAL_RCC_GetClockConfig
 .text.RCC_SetFlashLatencyFromMSIRange
                0x00000000080051ac       0x70 ./Drivers/STM32WBxx_HAL_Driver/Src/stm32wbxx_hal_rcc.o
 .text.RCC_SetFlashLatency
                0x000000000800521c       0xf8 ./Drivers/STM32WBxx_HAL_Driver/Src/stm32wbxx_hal_rcc.o
 .text.LL_RCC_LSE_IsEnabled
                0x0000000008005314       0x24 ./Drivers/STM32WBxx_HAL_Driver/Src/stm32wbxx_hal_rcc_ex.o
 .text.LL_RCC_LSE_IsReady
                0x0000000008005338       0x24 ./Drivers/STM32WBxx_HAL_Driver/Src/stm32wbxx_hal_rcc_ex.o
 .text.LL_RCC_SetRFWKPClockSource
                0x000000000800535c       0x2c ./Drivers/STM32WBxx_HAL_Driver/Src/stm32wbxx_hal_rcc_ex.o
 .text.LL_RCC_SetSMPSClockSource
                0x0000000008005388       0x28 ./Drivers/STM32WBxx_HAL_Driver/Src/stm32wbxx_hal_rcc_ex.o
 .text.LL_RCC_SetSMPSPrescaler
                0x00000000080053b0       0x28 ./Drivers/STM32WBxx_HAL_Driver/Src/stm32wbxx_hal_rcc_ex.o
 .text.LL_RCC_SetUSARTClockSource
                0x00000000080053d8       0x2c ./Drivers/STM32WBxx_HAL_Driver/Src/stm32wbxx_hal_rcc_ex.o
 .text.LL_RCC_SetLPUARTClockSource
                0x0000000008005404       0x2c ./Drivers/STM32WBxx_HAL_Driver/Src/stm32wbxx_hal_rcc_ex.o
 .text.LL_RCC_SetI2CClockSource
                0x0000000008005430       0x3a ./Drivers/STM32WBxx_HAL_Driver/Src/stm32wbxx_hal_rcc_ex.o
 .text.LL_RCC_SetLPTIMClockSource
                0x000000000800546a       0x34 ./Drivers/STM32WBxx_HAL_Driver/Src/stm32wbxx_hal_rcc_ex.o
 .text.LL_RCC_SetSAIClockSource
                0x000000000800549e       0x2c ./Drivers/STM32WBxx_HAL_Driver/Src/stm32wbxx_hal_rcc_ex.o
 .text.LL_RCC_SetRNGClockSource
                0x00000000080054ca       0x2c ./Drivers/STM32WBxx_HAL_Driver/Src/stm32wbxx_hal_rcc_ex.o
 .text.LL_RCC_SetCLK48ClockSource
                0x00000000080054f6       0x2c ./Drivers/STM32WBxx_HAL_Driver/Src/stm32wbxx_hal_rcc_ex.o
 .text.LL_RCC_SetUSBClockSource
                0x0000000008005522       0x16 ./Drivers/STM32WBxx_HAL_Driver/Src/stm32wbxx_hal_rcc_ex.o
 .text.LL_RCC_SetADCClockSource
                0x0000000008005538       0x2c ./Drivers/STM32WBxx_HAL_Driver/Src/stm32wbxx_hal_rcc_ex.o
 .text.LL_RCC_SetRTCClockSource
                0x0000000008005564       0x2c ./Drivers/STM32WBxx_HAL_Driver/Src/stm32wbxx_hal_rcc_ex.o
 .text.LL_RCC_GetRTCClockSource
                0x0000000008005590       0x1a ./Drivers/STM32WBxx_HAL_Driver/Src/stm32wbxx_hal_rcc_ex.o
 .text.LL_RCC_ForceBackupDomainReset
                0x00000000080055aa       0x22 ./Drivers/STM32WBxx_HAL_Driver/Src/stm32wbxx_hal_rcc_ex.o
 .text.LL_RCC_ReleaseBackupDomainReset
                0x00000000080055cc       0x22 ./Drivers/STM32WBxx_HAL_Driver/Src/stm32wbxx_hal_rcc_ex.o
 .text.LL_RCC_PLLSAI1_Enable
                0x00000000080055ee       0x1e ./Drivers/STM32WBxx_HAL_Driver/Src/stm32wbxx_hal_rcc_ex.o
 .text.LL_RCC_PLLSAI1_Disable
                0x000000000800560c       0x1e ./Drivers/STM32WBxx_HAL_Driver/Src/stm32wbxx_hal_rcc_ex.o
 .text.LL_RCC_PLLSAI1_IsReady
                0x000000000800562a       0x24 ./Drivers/STM32WBxx_HAL_Driver/Src/stm32wbxx_hal_rcc_ex.o
 .text.HAL_RCCEx_PeriphCLKConfig
                0x000000000800564e      0x2ec ./Drivers/STM32WBxx_HAL_Driver/Src/stm32wbxx_hal_rcc_ex.o
                0x000000000800564e                HAL_RCCEx_PeriphCLKConfig
 .text.RCCEx_PLLSAI1_ConfigNP
                0x000000000800593a       0xb6 ./Drivers/STM32WBxx_HAL_Driver/Src/stm32wbxx_hal_rcc_ex.o
 .text.RCCEx_PLLSAI1_ConfigNQ
                0x00000000080059f0       0xb6 ./Drivers/STM32WBxx_HAL_Driver/Src/stm32wbxx_hal_rcc_ex.o
 .text.RCCEx_PLLSAI1_ConfigNR
                0x0000000008005aa6       0xb6 ./Drivers/STM32WBxx_HAL_Driver/Src/stm32wbxx_hal_rcc_ex.o
 .text.HAL_TIM_Base_Init
                0x0000000008005b5c       0xae ./Drivers/STM32WBxx_HAL_Driver/Src/stm32wbxx_hal_tim.o
                0x0000000008005b5c                HAL_TIM_Base_Init
 *fill*         0x0000000008005c0a        0x2 
 .text.HAL_TIM_Base_Start_IT
                0x0000000008005c0c       0x9c ./Drivers/STM32WBxx_HAL_Driver/Src/stm32wbxx_hal_tim.o
                0x0000000008005c0c                HAL_TIM_Base_Start_IT
 .text.HAL_TIM_PWM_Init
                0x0000000008005ca8       0xae ./Drivers/STM32WBxx_HAL_Driver/Src/stm32wbxx_hal_tim.o
                0x0000000008005ca8                HAL_TIM_PWM_Init
 .text.HAL_TIM_PWM_MspInit
                0x0000000008005d56       0x14 ./Drivers/STM32WBxx_HAL_Driver/Src/stm32wbxx_hal_tim.o
                0x0000000008005d56                HAL_TIM_PWM_MspInit
 .text.HAL_TIM_Encoder_Init
                0x0000000008005d6a      0x14c ./Drivers/STM32WBxx_HAL_Driver/Src/stm32wbxx_hal_tim.o
                0x0000000008005d6a                HAL_TIM_Encoder_Init
 .text.HAL_TIM_IRQHandler
                0x0000000008005eb6      0x204 ./Drivers/STM32WBxx_HAL_Driver/Src/stm32wbxx_hal_tim.o
                0x0000000008005eb6                HAL_TIM_IRQHandler
 *fill*         0x00000000080060ba        0x2 
 .text.HAL_TIM_PWM_ConfigChannel
                0x00000000080060bc      0x228 ./Drivers/STM32WBxx_HAL_Driver/Src/stm32wbxx_hal_tim.o
                0x00000000080060bc                HAL_TIM_PWM_ConfigChannel
 .text.HAL_TIM_ConfigClockSource
                0x00000000080062e4      0x192 ./Drivers/STM32WBxx_HAL_Driver/Src/stm32wbxx_hal_tim.o
                0x00000000080062e4                HAL_TIM_ConfigClockSource
 .text.HAL_TIM_OC_DelayElapsedCallback
                0x0000000008006476       0x14 ./Drivers/STM32WBxx_HAL_Driver/Src/stm32wbxx_hal_tim.o
                0x0000000008006476                HAL_TIM_OC_DelayElapsedCallback
 .text.HAL_TIM_IC_CaptureCallback
                0x000000000800648a       0x14 ./Drivers/STM32WBxx_HAL_Driver/Src/stm32wbxx_hal_tim.o
                0x000000000800648a                HAL_TIM_IC_CaptureCallback
 .text.HAL_TIM_PWM_PulseFinishedCallback
                0x000000000800649e       0x14 ./Drivers/STM32WBxx_HAL_Driver/Src/stm32wbxx_hal_tim.o
                0x000000000800649e                HAL_TIM_PWM_PulseFinishedCallback
 .text.HAL_TIM_TriggerCallback
                0x00000000080064b2       0x14 ./Drivers/STM32WBxx_HAL_Driver/Src/stm32wbxx_hal_tim.o
                0x00000000080064b2                HAL_TIM_TriggerCallback
 *fill*         0x00000000080064c6        0x2 
 .text.TIM_Base_SetConfig
                0x00000000080064c8       0xc8 ./Drivers/STM32WBxx_HAL_Driver/Src/stm32wbxx_hal_tim.o
                0x00000000080064c8                TIM_Base_SetConfig
 .text.TIM_OC1_SetConfig
                0x0000000008006590       0xf8 ./Drivers/STM32WBxx_HAL_Driver/Src/stm32wbxx_hal_tim.o
 .text.TIM_OC2_SetConfig
                0x0000000008006688       0xf4 ./Drivers/STM32WBxx_HAL_Driver/Src/stm32wbxx_hal_tim.o
                0x0000000008006688                TIM_OC2_SetConfig
 .text.TIM_OC3_SetConfig
                0x000000000800677c       0xf0 ./Drivers/STM32WBxx_HAL_Driver/Src/stm32wbxx_hal_tim.o
 .text.TIM_OC4_SetConfig
                0x000000000800686c       0xbc ./Drivers/STM32WBxx_HAL_Driver/Src/stm32wbxx_hal_tim.o
 .text.TIM_OC5_SetConfig
                0x0000000008006928       0xb0 ./Drivers/STM32WBxx_HAL_Driver/Src/stm32wbxx_hal_tim.o
 .text.TIM_OC6_SetConfig
                0x00000000080069d8       0xb4 ./Drivers/STM32WBxx_HAL_Driver/Src/stm32wbxx_hal_tim.o
 .text.TIM_TI1_ConfigInputStage
                0x0000000008006a8c       0x5e ./Drivers/STM32WBxx_HAL_Driver/Src/stm32wbxx_hal_tim.o
 .text.TIM_TI2_ConfigInputStage
                0x0000000008006aea       0x60 ./Drivers/STM32WBxx_HAL_Driver/Src/stm32wbxx_hal_tim.o
 .text.TIM_ITRx_SetConfig
                0x0000000008006b4a       0x3a ./Drivers/STM32WBxx_HAL_Driver/Src/stm32wbxx_hal_tim.o
 .text.TIM_ETR_SetConfig
                0x0000000008006b84       0x40 ./Drivers/STM32WBxx_HAL_Driver/Src/stm32wbxx_hal_tim.o
                0x0000000008006b84                TIM_ETR_SetConfig
 .text.HAL_TIMEx_MasterConfigSynchronization
                0x0000000008006bc4       0xc0 ./Drivers/STM32WBxx_HAL_Driver/Src/stm32wbxx_hal_tim_ex.o
                0x0000000008006bc4                HAL_TIMEx_MasterConfigSynchronization
 .text.HAL_TIMEx_ConfigBreakDeadTime
                0x0000000008006c84      0x120 ./Drivers/STM32WBxx_HAL_Driver/Src/stm32wbxx_hal_tim_ex.o
                0x0000000008006c84                HAL_TIMEx_ConfigBreakDeadTime
 .text.HAL_TIMEx_CommutCallback
                0x0000000008006da4       0x14 ./Drivers/STM32WBxx_HAL_Driver/Src/stm32wbxx_hal_tim_ex.o
                0x0000000008006da4                HAL_TIMEx_CommutCallback
 .text.HAL_TIMEx_BreakCallback
                0x0000000008006db8       0x14 ./Drivers/STM32WBxx_HAL_Driver/Src/stm32wbxx_hal_tim_ex.o
                0x0000000008006db8                HAL_TIMEx_BreakCallback
 .text.HAL_TIMEx_Break2Callback
                0x0000000008006dcc       0x14 ./Drivers/STM32WBxx_HAL_Driver/Src/stm32wbxx_hal_tim_ex.o
                0x0000000008006dcc                HAL_TIMEx_Break2Callback
 .text.LL_RCC_GetUSARTClockSource
                0x0000000008006de0       0x20 ./Drivers/STM32WBxx_HAL_Driver/Src/stm32wbxx_hal_uart.o
 .text.LL_RCC_GetLPUARTClockSource
                0x0000000008006e00       0x20 ./Drivers/STM32WBxx_HAL_Driver/Src/stm32wbxx_hal_uart.o
 .text.HAL_UART_Init
                0x0000000008006e20       0xa0 ./Drivers/STM32WBxx_HAL_Driver/Src/stm32wbxx_hal_uart.o
                0x0000000008006e20                HAL_UART_Init
 .text.HAL_UART_Transmit
                0x0000000008006ec0      0x11c ./Drivers/STM32WBxx_HAL_Driver/Src/stm32wbxx_hal_uart.o
                0x0000000008006ec0                HAL_UART_Transmit
 .text.HAL_UART_IRQHandler
                0x0000000008006fdc      0x648 ./Drivers/STM32WBxx_HAL_Driver/Src/stm32wbxx_hal_uart.o
                0x0000000008006fdc                HAL_UART_IRQHandler
 .text.HAL_UART_TxCpltCallback
                0x0000000008007624       0x14 ./Drivers/STM32WBxx_HAL_Driver/Src/stm32wbxx_hal_uart.o
                0x0000000008007624                HAL_UART_TxCpltCallback
 .text.HAL_UART_ErrorCallback
                0x0000000008007638       0x14 ./Drivers/STM32WBxx_HAL_Driver/Src/stm32wbxx_hal_uart.o
                0x0000000008007638                HAL_UART_ErrorCallback
 .text.HAL_UARTEx_RxEventCallback
                0x000000000800764c       0x18 ./Drivers/STM32WBxx_HAL_Driver/Src/stm32wbxx_hal_uart.o
                0x000000000800764c                HAL_UARTEx_RxEventCallback
 .text.UART_SetConfig
                0x0000000008007664      0x450 ./Drivers/STM32WBxx_HAL_Driver/Src/stm32wbxx_hal_uart.o
                0x0000000008007664                UART_SetConfig
 .text.UART_AdvFeatureConfig
                0x0000000008007ab4      0x144 ./Drivers/STM32WBxx_HAL_Driver/Src/stm32wbxx_hal_uart.o
                0x0000000008007ab4                UART_AdvFeatureConfig
 .text.UART_CheckIdleState
                0x0000000008007bf8      0x154 ./Drivers/STM32WBxx_HAL_Driver/Src/stm32wbxx_hal_uart.o
                0x0000000008007bf8                UART_CheckIdleState
 .text.UART_WaitOnFlagUntilTimeout
                0x0000000008007d4c       0xce ./Drivers/STM32WBxx_HAL_Driver/Src/stm32wbxx_hal_uart.o
                0x0000000008007d4c                UART_WaitOnFlagUntilTimeout
 .text.UART_EndRxTransfer
                0x0000000008007e1a       0xcc ./Drivers/STM32WBxx_HAL_Driver/Src/stm32wbxx_hal_uart.o
 .text.UART_DMAAbortOnError
                0x0000000008007ee6       0x2c ./Drivers/STM32WBxx_HAL_Driver/Src/stm32wbxx_hal_uart.o
 .text.UART_EndTransmit_IT
                0x0000000008007f12       0x56 ./Drivers/STM32WBxx_HAL_Driver/Src/stm32wbxx_hal_uart.o
 .text.HAL_UARTEx_WakeupCallback
                0x0000000008007f68       0x14 ./Drivers/STM32WBxx_HAL_Driver/Src/stm32wbxx_hal_uart_ex.o
                0x0000000008007f68                HAL_UARTEx_WakeupCallback
 .text.HAL_UARTEx_RxFifoFullCallback
                0x0000000008007f7c       0x14 ./Drivers/STM32WBxx_HAL_Driver/Src/stm32wbxx_hal_uart_ex.o
                0x0000000008007f7c                HAL_UARTEx_RxFifoFullCallback
 .text.HAL_UARTEx_TxFifoEmptyCallback
                0x0000000008007f90       0x14 ./Drivers/STM32WBxx_HAL_Driver/Src/stm32wbxx_hal_uart_ex.o
                0x0000000008007f90                HAL_UARTEx_TxFifoEmptyCallback
 .text.HAL_UARTEx_DisableFifoMode
                0x0000000008007fa4       0x72 ./Drivers/STM32WBxx_HAL_Driver/Src/stm32wbxx_hal_uart_ex.o
                0x0000000008007fa4                HAL_UARTEx_DisableFifoMode
 .text.HAL_UARTEx_SetTxFifoThreshold
                0x0000000008008016       0x7c ./Drivers/STM32WBxx_HAL_Driver/Src/stm32wbxx_hal_uart_ex.o
                0x0000000008008016                HAL_UARTEx_SetTxFifoThreshold
 .text.HAL_UARTEx_SetRxFifoThreshold
                0x0000000008008092       0x7c ./Drivers/STM32WBxx_HAL_Driver/Src/stm32wbxx_hal_uart_ex.o
                0x0000000008008092                HAL_UARTEx_SetRxFifoThreshold
 *fill*         0x000000000800810e        0x2 
 .text.UARTEx_SetNbDataToProcess
                0x0000000008008110       0x9c ./Drivers/STM32WBxx_HAL_Driver/Src/stm32wbxx_hal_uart_ex.o
 .text.makeFreeRtosPriority
                0x00000000080081ac       0x30 ./Middlewares/Third_Party/FreeRTOS/Source/CMSIS_RTOS/cmsis_os.o
 .text.osKernelStart
                0x00000000080081dc        0xe ./Middlewares/Third_Party/FreeRTOS/Source/CMSIS_RTOS/cmsis_os.o
                0x00000000080081dc                osKernelStart
 .text.osThreadCreate
                0x00000000080081ea       0x4e ./Middlewares/Third_Party/FreeRTOS/Source/CMSIS_RTOS/cmsis_os.o
                0x00000000080081ea                osThreadCreate
 .text.osDelay  0x0000000008008238       0x28 ./Middlewares/Third_Party/FreeRTOS/Source/CMSIS_RTOS/cmsis_os.o
                0x0000000008008238                osDelay
 .text.vListInitialise
                0x0000000008008260       0x40 ./Middlewares/Third_Party/FreeRTOS/Source/list.o
                0x0000000008008260                vListInitialise
 .text.vListInitialiseItem
                0x00000000080082a0       0x1a ./Middlewares/Third_Party/FreeRTOS/Source/list.o
                0x00000000080082a0                vListInitialiseItem
 .text.vListInsertEnd
                0x00000000080082ba       0x48 ./Middlewares/Third_Party/FreeRTOS/Source/list.o
                0x00000000080082ba                vListInsertEnd
 .text.vListInsert
                0x0000000008008302       0x72 ./Middlewares/Third_Party/FreeRTOS/Source/list.o
                0x0000000008008302                vListInsert
 .text.uxListRemove
                0x0000000008008374       0x54 ./Middlewares/Third_Party/FreeRTOS/Source/list.o
                0x0000000008008374                uxListRemove
 .text.xQueueGenericReset
                0x00000000080083c8       0xd0 ./Middlewares/Third_Party/FreeRTOS/Source/queue.o
                0x00000000080083c8                xQueueGenericReset
 .text.xQueueGenericCreate
                0x0000000008008498       0x6c ./Middlewares/Third_Party/FreeRTOS/Source/queue.o
                0x0000000008008498                xQueueGenericCreate
 .text.prvInitialiseNewQueue
                0x0000000008008504       0x3e ./Middlewares/Third_Party/FreeRTOS/Source/queue.o
 .text.xQueueGiveFromISR
                0x0000000008008542      0x11a ./Middlewares/Third_Party/FreeRTOS/Source/queue.o
                0x0000000008008542                xQueueGiveFromISR
 .text.xQueueSemaphoreTake
                0x000000000800865c      0x218 ./Middlewares/Third_Party/FreeRTOS/Source/queue.o
                0x000000000800865c                xQueueSemaphoreTake
 .text.prvGetDisinheritPriorityAfterTimeout
                0x0000000008008874       0x30 ./Middlewares/Third_Party/FreeRTOS/Source/queue.o
 .text.prvUnlockQueue
                0x00000000080088a4       0xa4 ./Middlewares/Third_Party/FreeRTOS/Source/queue.o
 .text.prvIsQueueEmpty
                0x0000000008008948       0x2c ./Middlewares/Third_Party/FreeRTOS/Source/queue.o
 .text.xTaskCreate
                0x0000000008008974       0x82 ./Middlewares/Third_Party/FreeRTOS/Source/tasks.o
                0x0000000008008974                xTaskCreate
 *fill*         0x00000000080089f6        0x2 
 .text.prvInitialiseNewTask
                0x00000000080089f8      0x13c ./Middlewares/Third_Party/FreeRTOS/Source/tasks.o
 .text.prvAddNewTaskToReadyList
                0x0000000008008b34       0xd4 ./Middlewares/Third_Party/FreeRTOS/Source/tasks.o
 .text.vTaskDelay
                0x0000000008008c08       0x68 ./Middlewares/Third_Party/FreeRTOS/Source/tasks.o
                0x0000000008008c08                vTaskDelay
 .text.vTaskStartScheduler
                0x0000000008008c70       0xa0 ./Middlewares/Third_Party/FreeRTOS/Source/tasks.o
                0x0000000008008c70                vTaskStartScheduler
 .text.vTaskSuspendAll
                0x0000000008008d10       0x1c ./Middlewares/Third_Party/FreeRTOS/Source/tasks.o
                0x0000000008008d10                vTaskSuspendAll
 .text.xTaskResumeAll
                0x0000000008008d2c      0x138 ./Middlewares/Third_Party/FreeRTOS/Source/tasks.o
                0x0000000008008d2c                xTaskResumeAll
 .text.xTaskIncrementTick
                0x0000000008008e64      0x170 ./Middlewares/Third_Party/FreeRTOS/Source/tasks.o
                0x0000000008008e64                xTaskIncrementTick
 .text.vTaskSwitchContext
                0x0000000008008fd4       0xc4 ./Middlewares/Third_Party/FreeRTOS/Source/tasks.o
                0x0000000008008fd4                vTaskSwitchContext
 .text.vTaskPlaceOnEventList
                0x0000000008009098       0x48 ./Middlewares/Third_Party/FreeRTOS/Source/tasks.o
                0x0000000008009098                vTaskPlaceOnEventList
 .text.xTaskRemoveFromEventList
                0x00000000080090e0       0xc4 ./Middlewares/Third_Party/FreeRTOS/Source/tasks.o
                0x00000000080090e0                xTaskRemoveFromEventList
 .text.vTaskInternalSetTimeOutState
                0x00000000080091a4       0x2c ./Middlewares/Third_Party/FreeRTOS/Source/tasks.o
                0x00000000080091a4                vTaskInternalSetTimeOutState
 .text.xTaskCheckForTimeOut
                0x00000000080091d0       0xc4 ./Middlewares/Third_Party/FreeRTOS/Source/tasks.o
                0x00000000080091d0                xTaskCheckForTimeOut
 .text.vTaskMissedYield
                0x0000000008009294       0x18 ./Middlewares/Third_Party/FreeRTOS/Source/tasks.o
                0x0000000008009294                vTaskMissedYield
 .text.prvIdleTask
                0x00000000080092ac       0x30 ./Middlewares/Third_Party/FreeRTOS/Source/tasks.o
 .text.prvInitialiseTaskLists
                0x00000000080092dc       0x80 ./Middlewares/Third_Party/FreeRTOS/Source/tasks.o
 .text.prvCheckTasksWaitingTermination
                0x000000000800935c       0x5c ./Middlewares/Third_Party/FreeRTOS/Source/tasks.o
 .text.prvDeleteTCB
                0x00000000080093b8       0x2a ./Middlewares/Third_Party/FreeRTOS/Source/tasks.o
 *fill*         0x00000000080093e2        0x2 
 .text.prvResetNextTaskUnblockTime
                0x00000000080093e4       0x40 ./Middlewares/Third_Party/FreeRTOS/Source/tasks.o
 .text.xTaskGetSchedulerState
                0x0000000008009424       0x3c ./Middlewares/Third_Party/FreeRTOS/Source/tasks.o
                0x0000000008009424                xTaskGetSchedulerState
 .text.xTaskPriorityInherit
                0x0000000008009460       0xec ./Middlewares/Third_Party/FreeRTOS/Source/tasks.o
                0x0000000008009460                xTaskPriorityInherit
 .text.vTaskPriorityDisinheritAfterTimeout
                0x000000000800954c      0x11c ./Middlewares/Third_Party/FreeRTOS/Source/tasks.o
                0x000000000800954c                vTaskPriorityDisinheritAfterTimeout
 .text.pvTaskIncrementMutexHeldCount
                0x0000000008009668       0x28 ./Middlewares/Third_Party/FreeRTOS/Source/tasks.o
                0x0000000008009668                pvTaskIncrementMutexHeldCount
 .text.prvAddCurrentTaskToDelayedList
                0x0000000008009690       0xcc ./Middlewares/Third_Party/FreeRTOS/Source/tasks.o
 .text.pxPortInitialiseStack
                0x000000000800975c       0x68 ./Middlewares/Third_Party/FreeRTOS/Source/portable/GCC/ARM_CM4F/port.o
                0x000000000800975c                pxPortInitialiseStack
 .text.prvTaskExitError
                0x00000000080097c4       0x58 ./Middlewares/Third_Party/FreeRTOS/Source/portable/GCC/ARM_CM4F/port.o
 *fill*         0x000000000800981c        0x4 
 .text.SVC_Handler
                0x0000000008009820       0x28 ./Middlewares/Third_Party/FreeRTOS/Source/portable/GCC/ARM_CM4F/port.o
                0x0000000008009820                SVC_Handler
 .text.prvPortStartFirstTask
                0x0000000008009848       0x28 ./Middlewares/Third_Party/FreeRTOS/Source/portable/GCC/ARM_CM4F/port.o
 .text.xPortStartScheduler
                0x0000000008009870      0x144 ./Middlewares/Third_Party/FreeRTOS/Source/portable/GCC/ARM_CM4F/port.o
                0x0000000008009870                xPortStartScheduler
 .text.vPortEnterCritical
                0x00000000080099b4       0x60 ./Middlewares/Third_Party/FreeRTOS/Source/portable/GCC/ARM_CM4F/port.o
                0x00000000080099b4                vPortEnterCritical
 .text.vPortExitCritical
                0x0000000008009a14       0x54 ./Middlewares/Third_Party/FreeRTOS/Source/portable/GCC/ARM_CM4F/port.o
                0x0000000008009a14                vPortExitCritical
 *fill*         0x0000000008009a68        0x8 
 .text.PendSV_Handler
                0x0000000008009a70       0x68 ./Middlewares/Third_Party/FreeRTOS/Source/portable/GCC/ARM_CM4F/port.o
                0x0000000008009a70                PendSV_Handler
 .text.SysTick_Handler
                0x0000000008009ad8       0x44 ./Middlewares/Third_Party/FreeRTOS/Source/portable/GCC/ARM_CM4F/port.o
                0x0000000008009ad8                SysTick_Handler
 .text.vPortSetupTimerInterrupt
                0x0000000008009b1c       0x48 ./Middlewares/Third_Party/FreeRTOS/Source/portable/GCC/ARM_CM4F/port.o
                0x0000000008009b1c                vPortSetupTimerInterrupt
 .text.vPortEnableVFP
                0x0000000008009b64       0x14 ./Middlewares/Third_Party/FreeRTOS/Source/portable/GCC/ARM_CM4F/port.o
 .text.vPortValidateInterruptPriority
                0x0000000008009b78       0x80 ./Middlewares/Third_Party/FreeRTOS/Source/portable/GCC/ARM_CM4F/port.o
                0x0000000008009b78                vPortValidateInterruptPriority
 .text.pvPortMalloc
                0x0000000008009bf8      0x198 ./Middlewares/Third_Party/FreeRTOS/Source/portable/MemMang/heap_4.o
                0x0000000008009bf8                pvPortMalloc
 .text.vPortFree
                0x0000000008009d90       0xc4 ./Middlewares/Third_Party/FreeRTOS/Source/portable/MemMang/heap_4.o
                0x0000000008009d90                vPortFree
 .text.prvHeapInit
                0x0000000008009e54       0xc4 ./Middlewares/Third_Party/FreeRTOS/Source/portable/MemMang/heap_4.o
 .text.prvInsertBlockIntoFreeList
                0x0000000008009f18       0xb4 ./Middlewares/Third_Party/FreeRTOS/Source/portable/MemMang/heap_4.o
 .text.VL53L0X_GetDeviceInfo
                0x0000000008009fcc       0x26 ./VL53L0X_API/core/vl53l0x_api.o
                0x0000000008009fcc                VL53L0X_GetDeviceInfo
 .text.VL53L0X_GetOffsetCalibrationDataMicroMeter
                0x0000000008009ff2       0x26 ./VL53L0X_API/core/vl53l0x_api.o
                0x0000000008009ff2                VL53L0X_GetOffsetCalibrationDataMicroMeter
 .text.VL53L0X_DataInit
                0x000000000800a018      0x2c8 ./VL53L0X_API/core/vl53l0x_api.o
                0x000000000800a018                VL53L0X_DataInit
 .text.VL53L0X_StaticInit
                0x000000000800a2e0      0x304 ./VL53L0X_API/core/vl53l0x_api.o
                0x000000000800a2e0                VL53L0X_StaticInit
 .text.VL53L0X_WaitDeviceBooted
                0x000000000800a5e4       0x1c ./VL53L0X_API/core/vl53l0x_api.o
                0x000000000800a5e4                VL53L0X_WaitDeviceBooted
 .text.VL53L0X_GetDeviceParameters
                0x000000000800a600      0x120 ./VL53L0X_API/core/vl53l0x_api.o
                0x000000000800a600                VL53L0X_GetDeviceParameters
 .text.VL53L0X_SetDeviceMode
                0x000000000800a720       0x58 ./VL53L0X_API/core/vl53l0x_api.o
                0x000000000800a720                VL53L0X_SetDeviceMode
 .text.VL53L0X_GetDeviceMode
                0x000000000800a778       0x26 ./VL53L0X_API/core/vl53l0x_api.o
                0x000000000800a778                VL53L0X_GetDeviceMode
 .text.VL53L0X_GetFractionEnable
                0x000000000800a79e       0x3e ./VL53L0X_API/core/vl53l0x_api.o
                0x000000000800a79e                VL53L0X_GetFractionEnable
 .text.VL53L0X_SetMeasurementTimingBudgetMicroSeconds
                0x000000000800a7dc       0x26 ./VL53L0X_API/core/vl53l0x_api.o
                0x000000000800a7dc                VL53L0X_SetMeasurementTimingBudgetMicroSeconds
 .text.VL53L0X_GetMeasurementTimingBudgetMicroSeconds
                0x000000000800a802       0x26 ./VL53L0X_API/core/vl53l0x_api.o
                0x000000000800a802                VL53L0X_GetMeasurementTimingBudgetMicroSeconds
 .text.VL53L0X_GetVcselPulsePeriod
                0x000000000800a828       0x2e ./VL53L0X_API/core/vl53l0x_api.o
                0x000000000800a828                VL53L0X_GetVcselPulsePeriod
 *fill*         0x000000000800a856        0x2 
 .text.VL53L0X_SetSequenceStepEnable
                0x000000000800a858      0x140 ./VL53L0X_API/core/vl53l0x_api.o
                0x000000000800a858                VL53L0X_SetSequenceStepEnable
 .text.sequence_step_enabled
                0x000000000800a998       0xa4 ./VL53L0X_API/core/vl53l0x_api.o
                0x000000000800a998                sequence_step_enabled
 .text.VL53L0X_GetSequenceStepEnables
                0x000000000800aa3c       0xb0 ./VL53L0X_API/core/vl53l0x_api.o
                0x000000000800aa3c                VL53L0X_GetSequenceStepEnables
 .text.VL53L0X_SetInterMeasurementPeriodMilliSeconds
                0x000000000800aaec       0x68 ./VL53L0X_API/core/vl53l0x_api.o
                0x000000000800aaec                VL53L0X_SetInterMeasurementPeriodMilliSeconds
 .text.VL53L0X_GetInterMeasurementPeriodMilliSeconds
                0x000000000800ab54       0x68 ./VL53L0X_API/core/vl53l0x_api.o
                0x000000000800ab54                VL53L0X_GetInterMeasurementPeriodMilliSeconds
 .text.VL53L0X_GetXTalkCompensationEnable
                0x000000000800abbc       0x2a ./VL53L0X_API/core/vl53l0x_api.o
                0x000000000800abbc                VL53L0X_GetXTalkCompensationEnable
 .text.VL53L0X_GetXTalkCompensationRateMegaCps
                0x000000000800abe6       0x66 ./VL53L0X_API/core/vl53l0x_api.o
                0x000000000800abe6                VL53L0X_GetXTalkCompensationRateMegaCps
 .text.VL53L0X_SetLimitCheckEnable
                0x000000000800ac4c      0x118 ./VL53L0X_API/core/vl53l0x_api.o
                0x000000000800ac4c                VL53L0X_SetLimitCheckEnable
 .text.VL53L0X_GetLimitCheckEnable
                0x000000000800ad64       0x46 ./VL53L0X_API/core/vl53l0x_api.o
                0x000000000800ad64                VL53L0X_GetLimitCheckEnable
 *fill*         0x000000000800adaa        0x2 
 .text.VL53L0X_SetLimitCheckValue
                0x000000000800adac       0xc4 ./VL53L0X_API/core/vl53l0x_api.o
                0x000000000800adac                VL53L0X_SetLimitCheckValue
 .text.VL53L0X_GetLimitCheckValue
                0x000000000800ae70      0x11c ./VL53L0X_API/core/vl53l0x_api.o
                0x000000000800ae70                VL53L0X_GetLimitCheckValue
 .text.VL53L0X_GetWrapAroundCheckEnable
                0x000000000800af8c       0x64 ./VL53L0X_API/core/vl53l0x_api.o
                0x000000000800af8c                VL53L0X_GetWrapAroundCheckEnable
 .text.VL53L0X_PerformSingleMeasurement
                0x000000000800aff0       0x68 ./VL53L0X_API/core/vl53l0x_api.o
                0x000000000800aff0                VL53L0X_PerformSingleMeasurement
 .text.VL53L0X_CheckAndLoadInterruptSettings
                0x000000000800b058       0xcc ./VL53L0X_API/core/vl53l0x_api.o
                0x000000000800b058                VL53L0X_CheckAndLoadInterruptSettings
 .text.VL53L0X_StartMeasurement
                0x000000000800b124      0x184 ./VL53L0X_API/core/vl53l0x_api.o
                0x000000000800b124                VL53L0X_StartMeasurement
 .text.VL53L0X_GetMeasurementDataReady
                0x000000000800b2a8       0x80 ./VL53L0X_API/core/vl53l0x_api.o
                0x000000000800b2a8                VL53L0X_GetMeasurementDataReady
 .text.VL53L0X_GetRangingMeasurementData
                0x000000000800b328      0x248 ./VL53L0X_API/core/vl53l0x_api.o
                0x000000000800b328                VL53L0X_GetRangingMeasurementData
 .text.VL53L0X_PerformSingleRangingMeasurement
                0x000000000800b570       0x60 ./VL53L0X_API/core/vl53l0x_api.o
                0x000000000800b570                VL53L0X_PerformSingleRangingMeasurement
 .text.VL53L0X_SetGpioConfig
                0x000000000800b5d0      0x244 ./VL53L0X_API/core/vl53l0x_api.o
                0x000000000800b5d0                VL53L0X_SetGpioConfig
 .text.VL53L0X_GetInterruptThresholds
                0x000000000800b814       0x6c ./VL53L0X_API/core/vl53l0x_api.o
                0x000000000800b814                VL53L0X_GetInterruptThresholds
 .text.VL53L0X_ClearInterruptMask
                0x000000000800b880       0x80 ./VL53L0X_API/core/vl53l0x_api.o
                0x000000000800b880                VL53L0X_ClearInterruptMask
 .text.VL53L0X_GetInterruptMaskStatus
                0x000000000800b900       0x44 ./VL53L0X_API/core/vl53l0x_api.o
                0x000000000800b900                VL53L0X_GetInterruptMaskStatus
 .text.VL53L0X_get_offset_calibration_data_micro_meter
                0x000000000800b944       0x7e ./VL53L0X_API/core/vl53l0x_api_calibration.o
                0x000000000800b944                VL53L0X_get_offset_calibration_data_micro_meter
 .text.get_next_good_spad
                0x000000000800b9c2       0xbc ./VL53L0X_API/core/vl53l0x_api_calibration.o
                0x000000000800b9c2                get_next_good_spad
 *fill*         0x000000000800ba7e        0x2 
 .text.is_aperture
                0x000000000800ba80       0x34 ./VL53L0X_API/core/vl53l0x_api_calibration.o
                0x000000000800ba80                is_aperture
 .text.enable_spad_bit
                0x000000000800bab4       0x70 ./VL53L0X_API/core/vl53l0x_api_calibration.o
                0x000000000800bab4                enable_spad_bit
 .text.set_ref_spad_map
                0x000000000800bb24       0x26 ./VL53L0X_API/core/vl53l0x_api_calibration.o
                0x000000000800bb24                set_ref_spad_map
 .text.get_ref_spad_map
                0x000000000800bb4a       0x26 ./VL53L0X_API/core/vl53l0x_api_calibration.o
                0x000000000800bb4a                get_ref_spad_map
 .text.enable_ref_spads
                0x000000000800bb70       0xf8 ./VL53L0X_API/core/vl53l0x_api_calibration.o
                0x000000000800bb70                enable_ref_spads
 .text.perform_ref_signal_measurement
                0x000000000800bc68       0xd4 ./VL53L0X_API/core/vl53l0x_api_calibration.o
                0x000000000800bc68                perform_ref_signal_measurement
 .text.VL53L0X_perform_ref_spad_management
                0x000000000800bd3c      0x418 ./VL53L0X_API/core/vl53l0x_api_calibration.o
                0x000000000800bd3c                VL53L0X_perform_ref_spad_management
 .text.VL53L0X_set_reference_spads
                0x000000000800c154      0x14a ./VL53L0X_API/core/vl53l0x_api_calibration.o
                0x000000000800c154                VL53L0X_set_reference_spads
 .text.VL53L0X_perform_single_ref_calibration
                0x000000000800c29e       0x76 ./VL53L0X_API/core/vl53l0x_api_calibration.o
                0x000000000800c29e                VL53L0X_perform_single_ref_calibration
 .text.VL53L0X_ref_calibration_io
                0x000000000800c314      0x132 ./VL53L0X_API/core/vl53l0x_api_calibration.o
                0x000000000800c314                VL53L0X_ref_calibration_io
 .text.VL53L0X_perform_vhv_calibration
                0x000000000800c446       0xce ./VL53L0X_API/core/vl53l0x_api_calibration.o
                0x000000000800c446                VL53L0X_perform_vhv_calibration
 .text.VL53L0X_perform_phase_calibration
                0x000000000800c514       0xca ./VL53L0X_API/core/vl53l0x_api_calibration.o
                0x000000000800c514                VL53L0X_perform_phase_calibration
 .text.VL53L0X_perform_ref_calibration
                0x000000000800c5de       0x7a ./VL53L0X_API/core/vl53l0x_api_calibration.o
                0x000000000800c5de                VL53L0X_perform_ref_calibration
 .text.VL53L0X_measurement_poll_for_completion
                0x000000000800c658       0x60 ./VL53L0X_API/core/vl53l0x_api_core.o
                0x000000000800c658                VL53L0X_measurement_poll_for_completion
 .text.VL53L0X_decode_vcsel_period
                0x000000000800c6b8       0x26 ./VL53L0X_API/core/vl53l0x_api_core.o
                0x000000000800c6b8                VL53L0X_decode_vcsel_period
 .text.VL53L0X_isqrt
                0x000000000800c6de       0x68 ./VL53L0X_API/core/vl53l0x_api_core.o
                0x000000000800c6de                VL53L0X_isqrt
 .text.VL53L0X_device_read_strobe
                0x000000000800c746       0x86 ./VL53L0X_API/core/vl53l0x_api_core.o
                0x000000000800c746                VL53L0X_device_read_strobe
 .text.VL53L0X_get_info_from_device
                0x000000000800c7cc      0x99a ./VL53L0X_API/core/vl53l0x_api_core.o
                0x000000000800c7cc                VL53L0X_get_info_from_device
 .text.VL53L0X_calc_macro_period_ps
                0x000000000800d166       0x3c ./VL53L0X_API/core/vl53l0x_api_core.o
                0x000000000800d166                VL53L0X_calc_macro_period_ps
 .text.VL53L0X_encode_timeout
                0x000000000800d1a2       0x58 ./VL53L0X_API/core/vl53l0x_api_core.o
                0x000000000800d1a2                VL53L0X_encode_timeout
 .text.VL53L0X_decode_timeout
                0x000000000800d1fa       0x2c ./VL53L0X_API/core/vl53l0x_api_core.o
                0x000000000800d1fa                VL53L0X_decode_timeout
 *fill*         0x000000000800d226        0x2 
 .text.VL53L0X_calc_timeout_mclks
                0x000000000800d228       0x54 ./VL53L0X_API/core/vl53l0x_api_core.o
                0x000000000800d228                VL53L0X_calc_timeout_mclks
 .text.VL53L0X_calc_timeout_us
                0x000000000800d27c       0x54 ./VL53L0X_API/core/vl53l0x_api_core.o
                0x000000000800d27c                VL53L0X_calc_timeout_us
 .text.get_sequence_step_timeout
                0x000000000800d2d0      0x1c2 ./VL53L0X_API/core/vl53l0x_api_core.o
                0x000000000800d2d0                get_sequence_step_timeout
 .text.set_sequence_step_timeout
                0x000000000800d492      0x1e4 ./VL53L0X_API/core/vl53l0x_api_core.o
                0x000000000800d492                set_sequence_step_timeout
 .text.VL53L0X_get_vcsel_pulse_period
                0x000000000800d676       0x6e ./VL53L0X_API/core/vl53l0x_api_core.o
                0x000000000800d676                VL53L0X_get_vcsel_pulse_period
 .text.VL53L0X_set_measurement_timing_budget_micro_seconds
                0x000000000800d6e4      0x1c0 ./VL53L0X_API/core/vl53l0x_api_core.o
                0x000000000800d6e4                VL53L0X_set_measurement_timing_budget_micro_seconds
 .text.VL53L0X_get_measurement_timing_budget_micro_seconds
                0x000000000800d8a4      0x162 ./VL53L0X_API/core/vl53l0x_api_core.o
                0x000000000800d8a4                VL53L0X_get_measurement_timing_budget_micro_seconds
 *fill*         0x000000000800da06        0x2 
 .text.VL53L0X_load_tuning_settings
                0x000000000800da08      0x1c4 ./VL53L0X_API/core/vl53l0x_api_core.o
                0x000000000800da08                VL53L0X_load_tuning_settings
 .text.VL53L0X_get_total_xtalk_rate
                0x000000000800dbcc       0x5e ./VL53L0X_API/core/vl53l0x_api_core.o
                0x000000000800dbcc                VL53L0X_get_total_xtalk_rate
 .text.VL53L0X_get_total_signal_rate
                0x000000000800dc2a       0x4a ./VL53L0X_API/core/vl53l0x_api_core.o
                0x000000000800dc2a                VL53L0X_get_total_signal_rate
 .text.VL53L0X_calc_dmax
                0x000000000800dc74      0x238 ./VL53L0X_API/core/vl53l0x_api_core.o
                0x000000000800dc74                VL53L0X_calc_dmax
 .text.VL53L0X_calc_sigma_estimate
                0x000000000800deac      0x498 ./VL53L0X_API/core/vl53l0x_api_core.o
                0x000000000800deac                VL53L0X_calc_sigma_estimate
 .text.VL53L0X_get_pal_range_status
                0x000000000800e344      0x3b6 ./VL53L0X_API/core/vl53l0x_api_core.o
                0x000000000800e344                VL53L0X_get_pal_range_status
 .text.VL53L0X_check_part_used
                0x000000000800e6fa       0x6a ./VL53L0X_API/core/vl53l0x_api_strings.o
                0x000000000800e6fa                VL53L0X_check_part_used
 .text.VL53L0X_get_device_info
                0x000000000800e764      0x108 ./VL53L0X_API/core/vl53l0x_api_strings.o
                0x000000000800e764                VL53L0X_get_device_info
 .text._I2CWrite
                0x000000000800e86c       0x3e ./VL53L0X_API/platform/vl53l0x_platform.o
                0x000000000800e86c                _I2CWrite
 .text._I2CRead
                0x000000000800e8aa       0x44 ./VL53L0X_API/platform/vl53l0x_platform.o
                0x000000000800e8aa                _I2CRead
 *fill*         0x000000000800e8ee        0x2 
 .text.VL53L0X_WriteMulti
                0x000000000800e8f0       0x60 ./VL53L0X_API/platform/vl53l0x_platform.o
                0x000000000800e8f0                VL53L0X_WriteMulti
 .text.VL53L0X_ReadMulti
                0x000000000800e950       0x56 ./VL53L0X_API/platform/vl53l0x_platform.o
                0x000000000800e950                VL53L0X_ReadMulti
 *fill*         0x000000000800e9a6        0x2 
 .text.VL53L0X_WrByte
                0x000000000800e9a8       0x48 ./VL53L0X_API/platform/vl53l0x_platform.o
                0x000000000800e9a8                VL53L0X_WrByte
 .text.VL53L0X_WrWord
                0x000000000800e9f0       0x54 ./VL53L0X_API/platform/vl53l0x_platform.o
                0x000000000800e9f0                VL53L0X_WrWord
 .text.VL53L0X_WrDWord
                0x000000000800ea44       0x64 ./VL53L0X_API/platform/vl53l0x_platform.o
                0x000000000800ea44                VL53L0X_WrDWord
 .text.VL53L0X_UpdateByte
                0x000000000800eaa8       0x68 ./VL53L0X_API/platform/vl53l0x_platform.o
                0x000000000800eaa8                VL53L0X_UpdateByte
 .text.VL53L0X_RdByte
                0x000000000800eb10       0x54 ./VL53L0X_API/platform/vl53l0x_platform.o
                0x000000000800eb10                VL53L0X_RdByte
 .text.VL53L0X_RdWord
                0x000000000800eb64       0x70 ./VL53L0X_API/platform/vl53l0x_platform.o
                0x000000000800eb64                VL53L0X_RdWord
 .text.VL53L0X_RdDWord
                0x000000000800ebd4       0x78 ./VL53L0X_API/platform/vl53l0x_platform.o
                0x000000000800ebd4                VL53L0X_RdDWord
 .text.VL53L0X_PollingDelay
                0x000000000800ec4c       0x1e ./VL53L0X_API/platform/vl53l0x_platform.o
                0x000000000800ec4c                VL53L0X_PollingDelay
 *fill*         0x000000000800ec6a        0x2 
 .text.std      0x000000000800ec6c       0x6c C:/ST/STM32CubeIDE_1.13.2/STM32CubeIDE/plugins/com.st.stm32cube.ide.mcu.externaltools.gnu-tools-for-stm32.11.3.rel1.win32_1.1.1.202309131626/tools/bin/../lib/gcc/arm-none-eabi/11.3.1/../../../../arm-none-eabi/lib/thumb/v7e-m+fp/hard\libc_nano.a(libc_a-findfp.o)
 .text.stdio_exit_handler
                0x000000000800ecd8       0x18 C:/ST/STM32CubeIDE_1.13.2/STM32CubeIDE/plugins/com.st.stm32cube.ide.mcu.externaltools.gnu-tools-for-stm32.11.3.rel1.win32_1.1.1.202309131626/tools/bin/../lib/gcc/arm-none-eabi/11.3.1/../../../../arm-none-eabi/lib/thumb/v7e-m+fp/hard\libc_nano.a(libc_a-findfp.o)
 .text.cleanup_stdio
                0x000000000800ecf0       0x40 C:/ST/STM32CubeIDE_1.13.2/STM32CubeIDE/plugins/com.st.stm32cube.ide.mcu.externaltools.gnu-tools-for-stm32.11.3.rel1.win32_1.1.1.202309131626/tools/bin/../lib/gcc/arm-none-eabi/11.3.1/../../../../arm-none-eabi/lib/thumb/v7e-m+fp/hard\libc_nano.a(libc_a-findfp.o)
 .text.global_stdio_init.part.0
                0x000000000800ed30       0x3c C:/ST/STM32CubeIDE_1.13.2/STM32CubeIDE/plugins/com.st.stm32cube.ide.mcu.externaltools.gnu-tools-for-stm32.11.3.rel1.win32_1.1.1.202309131626/tools/bin/../lib/gcc/arm-none-eabi/11.3.1/../../../../arm-none-eabi/lib/thumb/v7e-m+fp/hard\libc_nano.a(libc_a-findfp.o)
 .text.__sfp_lock_acquire
                0x000000000800ed6c        0xc C:/ST/STM32CubeIDE_1.13.2/STM32CubeIDE/plugins/com.st.stm32cube.ide.mcu.externaltools.gnu-tools-for-stm32.11.3.rel1.win32_1.1.1.202309131626/tools/bin/../lib/gcc/arm-none-eabi/11.3.1/../../../../arm-none-eabi/lib/thumb/v7e-m+fp/hard\libc_nano.a(libc_a-findfp.o)
                0x000000000800ed6c                __sfp_lock_acquire
 .text.__sfp_lock_release
                0x000000000800ed78        0xc C:/ST/STM32CubeIDE_1.13.2/STM32CubeIDE/plugins/com.st.stm32cube.ide.mcu.externaltools.gnu-tools-for-stm32.11.3.rel1.win32_1.1.1.202309131626/tools/bin/../lib/gcc/arm-none-eabi/11.3.1/../../../../arm-none-eabi/lib/thumb/v7e-m+fp/hard\libc_nano.a(libc_a-findfp.o)
                0x000000000800ed78                __sfp_lock_release
 .text.__sinit  0x000000000800ed84       0x30 C:/ST/STM32CubeIDE_1.13.2/STM32CubeIDE/plugins/com.st.stm32cube.ide.mcu.externaltools.gnu-tools-for-stm32.11.3.rel1.win32_1.1.1.202309131626/tools/bin/../lib/gcc/arm-none-eabi/11.3.1/../../../../arm-none-eabi/lib/thumb/v7e-m+fp/hard\libc_nano.a(libc_a-findfp.o)
                0x000000000800ed84                __sinit
 .text._fwalk_sglue
                0x000000000800edb4       0x3c C:/ST/STM32CubeIDE_1.13.2/STM32CubeIDE/plugins/com.st.stm32cube.ide.mcu.externaltools.gnu-tools-for-stm32.11.3.rel1.win32_1.1.1.202309131626/tools/bin/../lib/gcc/arm-none-eabi/11.3.1/../../../../arm-none-eabi/lib/thumb/v7e-m+fp/hard\libc_nano.a(libc_a-fwalk.o)
                0x000000000800edb4                _fwalk_sglue
 .text.printf   0x000000000800edf0       0x24 C:/ST/STM32CubeIDE_1.13.2/STM32CubeIDE/plugins/com.st.stm32cube.ide.mcu.externaltools.gnu-tools-for-stm32.11.3.rel1.win32_1.1.1.202309131626/tools/bin/../lib/gcc/arm-none-eabi/11.3.1/../../../../arm-none-eabi/lib/thumb/v7e-m+fp/hard\libc_nano.a(libc_a-printf.o)
                0x000000000800edf0                iprintf
                0x000000000800edf0                printf
 .text._puts_r  0x000000000800ee14       0xa8 C:/ST/STM32CubeIDE_1.13.2/STM32CubeIDE/plugins/com.st.stm32cube.ide.mcu.externaltools.gnu-tools-for-stm32.11.3.rel1.win32_1.1.1.202309131626/tools/bin/../lib/gcc/arm-none-eabi/11.3.1/../../../../arm-none-eabi/lib/thumb/v7e-m+fp/hard\libc_nano.a(libc_a-puts.o)
                0x000000000800ee14                _puts_r
 .text.puts     0x000000000800eebc       0x10 C:/ST/STM32CubeIDE_1.13.2/STM32CubeIDE/plugins/com.st.stm32cube.ide.mcu.externaltools.gnu-tools-for-stm32.11.3.rel1.win32_1.1.1.202309131626/tools/bin/../lib/gcc/arm-none-eabi/11.3.1/../../../../arm-none-eabi/lib/thumb/v7e-m+fp/hard\libc_nano.a(libc_a-puts.o)
                0x000000000800eebc                puts
 .text.__sread  0x000000000800eecc       0x22 C:/ST/STM32CubeIDE_1.13.2/STM32CubeIDE/plugins/com.st.stm32cube.ide.mcu.externaltools.gnu-tools-for-stm32.11.3.rel1.win32_1.1.1.202309131626/tools/bin/../lib/gcc/arm-none-eabi/11.3.1/../../../../arm-none-eabi/lib/thumb/v7e-m+fp/hard\libc_nano.a(libc_a-stdio.o)
                0x000000000800eecc                __sread
 .text.__swrite
                0x000000000800eeee       0x38 C:/ST/STM32CubeIDE_1.13.2/STM32CubeIDE/plugins/com.st.stm32cube.ide.mcu.externaltools.gnu-tools-for-stm32.11.3.rel1.win32_1.1.1.202309131626/tools/bin/../lib/gcc/arm-none-eabi/11.3.1/../../../../arm-none-eabi/lib/thumb/v7e-m+fp/hard\libc_nano.a(libc_a-stdio.o)
                0x000000000800eeee                __swrite
 .text.__sseek  0x000000000800ef26       0x24 C:/ST/STM32CubeIDE_1.13.2/STM32CubeIDE/plugins/com.st.stm32cube.ide.mcu.externaltools.gnu-tools-for-stm32.11.3.rel1.win32_1.1.1.202309131626/tools/bin/../lib/gcc/arm-none-eabi/11.3.1/../../../../arm-none-eabi/lib/thumb/v7e-m+fp/hard\libc_nano.a(libc_a-stdio.o)
                0x000000000800ef26                __sseek
 .text.__sclose
                0x000000000800ef4a        0x8 C:/ST/STM32CubeIDE_1.13.2/STM32CubeIDE/plugins/com.st.stm32cube.ide.mcu.externaltools.gnu-tools-for-stm32.11.3.rel1.win32_1.1.1.202309131626/tools/bin/../lib/gcc/arm-none-eabi/11.3.1/../../../../arm-none-eabi/lib/thumb/v7e-m+fp/hard\libc_nano.a(libc_a-stdio.o)
                0x000000000800ef4a                __sclose
 .text.__swbuf_r
                0x000000000800ef52       0x7a C:/ST/STM32CubeIDE_1.13.2/STM32CubeIDE/plugins/com.st.stm32cube.ide.mcu.externaltools.gnu-tools-for-stm32.11.3.rel1.win32_1.1.1.202309131626/tools/bin/../lib/gcc/arm-none-eabi/11.3.1/../../../../arm-none-eabi/lib/thumb/v7e-m+fp/hard\libc_nano.a(libc_a-wbuf.o)
                0x000000000800ef52                __swbuf_r
 .text.__swsetup_r
                0x000000000800efcc       0xb0 C:/ST/STM32CubeIDE_1.13.2/STM32CubeIDE/plugins/com.st.stm32cube.ide.mcu.externaltools.gnu-tools-for-stm32.11.3.rel1.win32_1.1.1.202309131626/tools/bin/../lib/gcc/arm-none-eabi/11.3.1/../../../../arm-none-eabi/lib/thumb/v7e-m+fp/hard\libc_nano.a(libc_a-wsetup.o)
                0x000000000800efcc                __swsetup_r
 .text.memset   0x000000000800f07c       0x10 C:/ST/STM32CubeIDE_1.13.2/STM32CubeIDE/plugins/com.st.stm32cube.ide.mcu.externaltools.gnu-tools-for-stm32.11.3.rel1.win32_1.1.1.202309131626/tools/bin/../lib/gcc/arm-none-eabi/11.3.1/../../../../arm-none-eabi/lib/thumb/v7e-m+fp/hard\libc_nano.a(libc_a-memset.o)
                0x000000000800f07c                memset
 .text._close_r
                0x000000000800f08c       0x20 C:/ST/STM32CubeIDE_1.13.2/STM32CubeIDE/plugins/com.st.stm32cube.ide.mcu.externaltools.gnu-tools-for-stm32.11.3.rel1.win32_1.1.1.202309131626/tools/bin/../lib/gcc/arm-none-eabi/11.3.1/../../../../arm-none-eabi/lib/thumb/v7e-m+fp/hard\libc_nano.a(libc_a-closer.o)
                0x000000000800f08c                _close_r
 .text._reclaim_reent
                0x000000000800f0ac       0xac C:/ST/STM32CubeIDE_1.13.2/STM32CubeIDE/plugins/com.st.stm32cube.ide.mcu.externaltools.gnu-tools-for-stm32.11.3.rel1.win32_1.1.1.202309131626/tools/bin/../lib/gcc/arm-none-eabi/11.3.1/../../../../arm-none-eabi/lib/thumb/v7e-m+fp/hard\libc_nano.a(libc_a-reent.o)
                0x000000000800f0ac                _reclaim_reent
 .text._lseek_r
                0x000000000800f158       0x24 C:/ST/STM32CubeIDE_1.13.2/STM32CubeIDE/plugins/com.st.stm32cube.ide.mcu.externaltools.gnu-tools-for-stm32.11.3.rel1.win32_1.1.1.202309131626/tools/bin/../lib/gcc/arm-none-eabi/11.3.1/../../../../arm-none-eabi/lib/thumb/v7e-m+fp/hard\libc_nano.a(libc_a-lseekr.o)
                0x000000000800f158                _lseek_r
 .text._read_r  0x000000000800f17c       0x24 C:/ST/STM32CubeIDE_1.13.2/STM32CubeIDE/plugins/com.st.stm32cube.ide.mcu.externaltools.gnu-tools-for-stm32.11.3.rel1.win32_1.1.1.202309131626/tools/bin/../lib/gcc/arm-none-eabi/11.3.1/../../../../arm-none-eabi/lib/thumb/v7e-m+fp/hard\libc_nano.a(libc_a-readr.o)
                0x000000000800f17c                _read_r
 .text._write_r
                0x000000000800f1a0       0x24 C:/ST/STM32CubeIDE_1.13.2/STM32CubeIDE/plugins/com.st.stm32cube.ide.mcu.externaltools.gnu-tools-for-stm32.11.3.rel1.win32_1.1.1.202309131626/tools/bin/../lib/gcc/arm-none-eabi/11.3.1/../../../../arm-none-eabi/lib/thumb/v7e-m+fp/hard\libc_nano.a(libc_a-writer.o)
                0x000000000800f1a0                _write_r
 .text.__errno  0x000000000800f1c4        0xc C:/ST/STM32CubeIDE_1.13.2/STM32CubeIDE/plugins/com.st.stm32cube.ide.mcu.externaltools.gnu-tools-for-stm32.11.3.rel1.win32_1.1.1.202309131626/tools/bin/../lib/gcc/arm-none-eabi/11.3.1/../../../../arm-none-eabi/lib/thumb/v7e-m+fp/hard\libc_nano.a(libc_a-errno.o)
                0x000000000800f1c4                __errno
 .text.__libc_init_array
                0x000000000800f1d0       0x48 C:/ST/STM32CubeIDE_1.13.2/STM32CubeIDE/plugins/com.st.stm32cube.ide.mcu.externaltools.gnu-tools-for-stm32.11.3.rel1.win32_1.1.1.202309131626/tools/bin/../lib/gcc/arm-none-eabi/11.3.1/../../../../arm-none-eabi/lib/thumb/v7e-m+fp/hard\libc_nano.a(libc_a-init.o)
                0x000000000800f1d0                __libc_init_array
 .text.__retarget_lock_init_recursive
                0x000000000800f218        0x2 C:/ST/STM32CubeIDE_1.13.2/STM32CubeIDE/plugins/com.st.stm32cube.ide.mcu.externaltools.gnu-tools-for-stm32.11.3.rel1.win32_1.1.1.202309131626/tools/bin/../lib/gcc/arm-none-eabi/11.3.1/../../../../arm-none-eabi/lib/thumb/v7e-m+fp/hard\libc_nano.a(libc_a-lock.o)
                0x000000000800f218                __retarget_lock_init_recursive
 .text.__retarget_lock_acquire_recursive
                0x000000000800f21a        0x2 C:/ST/STM32CubeIDE_1.13.2/STM32CubeIDE/plugins/com.st.stm32cube.ide.mcu.externaltools.gnu-tools-for-stm32.11.3.rel1.win32_1.1.1.202309131626/tools/bin/../lib/gcc/arm-none-eabi/11.3.1/../../../../arm-none-eabi/lib/thumb/v7e-m+fp/hard\libc_nano.a(libc_a-lock.o)
                0x000000000800f21a                __retarget_lock_acquire_recursive
 .text.__retarget_lock_release_recursive
                0x000000000800f21c        0x2 C:/ST/STM32CubeIDE_1.13.2/STM32CubeIDE/plugins/com.st.stm32cube.ide.mcu.externaltools.gnu-tools-for-stm32.11.3.rel1.win32_1.1.1.202309131626/tools/bin/../lib/gcc/arm-none-eabi/11.3.1/../../../../arm-none-eabi/lib/thumb/v7e-m+fp/hard\libc_nano.a(libc_a-lock.o)
                0x000000000800f21c                __retarget_lock_release_recursive
 .text.strcpy   0x000000000800f21e       0x10 C:/ST/STM32CubeIDE_1.13.2/STM32CubeIDE/plugins/com.st.stm32cube.ide.mcu.externaltools.gnu-tools-for-stm32.11.3.rel1.win32_1.1.1.202309131626/tools/bin/../lib/gcc/arm-none-eabi/11.3.1/../../../../arm-none-eabi/lib/thumb/v7e-m+fp/hard\libc_nano.a(libc_a-strcpy.o)
                0x000000000800f21e                strcpy
 .text.memcpy   0x000000000800f22e       0x1c C:/ST/STM32CubeIDE_1.13.2/STM32CubeIDE/plugins/com.st.stm32cube.ide.mcu.externaltools.gnu-tools-for-stm32.11.3.rel1.win32_1.1.1.202309131626/tools/bin/../lib/gcc/arm-none-eabi/11.3.1/../../../../arm-none-eabi/lib/thumb/v7e-m+fp/hard\libc_nano.a(libc_a-memcpy-stub.o)
                0x000000000800f22e                memcpy
 *fill*         0x000000000800f24a        0x2 
 .text._free_r  0x000000000800f24c       0x98 C:/ST/STM32CubeIDE_1.13.2/STM32CubeIDE/plugins/com.st.stm32cube.ide.mcu.externaltools.gnu-tools-for-stm32.11.3.rel1.win32_1.1.1.202309131626/tools/bin/../lib/gcc/arm-none-eabi/11.3.1/../../../../arm-none-eabi/lib/thumb/v7e-m+fp/hard\libc_nano.a(libc_a-freer.o)
                0x000000000800f24c                _free_r
 .text.sbrk_aligned
                0x000000000800f2e4       0x40 C:/ST/STM32CubeIDE_1.13.2/STM32CubeIDE/plugins/com.st.stm32cube.ide.mcu.externaltools.gnu-tools-for-stm32.11.3.rel1.win32_1.1.1.202309131626/tools/bin/../lib/gcc/arm-none-eabi/11.3.1/../../../../arm-none-eabi/lib/thumb/v7e-m+fp/hard\libc_nano.a(libc_a-mallocr.o)
 .text._malloc_r
                0x000000000800f324      0x100 C:/ST/STM32CubeIDE_1.13.2/STM32CubeIDE/plugins/com.st.stm32cube.ide.mcu.externaltools.gnu-tools-for-stm32.11.3.rel1.win32_1.1.1.202309131626/tools/bin/../lib/gcc/arm-none-eabi/11.3.1/../../../../arm-none-eabi/lib/thumb/v7e-m+fp/hard\libc_nano.a(libc_a-mallocr.o)
                0x000000000800f324                _malloc_r
 .text.__malloc_lock
                0x000000000800f424        0xc C:/ST/STM32CubeIDE_1.13.2/STM32CubeIDE/plugins/com.st.stm32cube.ide.mcu.externaltools.gnu-tools-for-stm32.11.3.rel1.win32_1.1.1.202309131626/tools/bin/../lib/gcc/arm-none-eabi/11.3.1/../../../../arm-none-eabi/lib/thumb/v7e-m+fp/hard\libc_nano.a(libc_a-mlock.o)
                0x000000000800f424                __malloc_lock
 .text.__malloc_unlock
                0x000000000800f430        0xc C:/ST/STM32CubeIDE_1.13.2/STM32CubeIDE/plugins/com.st.stm32cube.ide.mcu.externaltools.gnu-tools-for-stm32.11.3.rel1.win32_1.1.1.202309131626/tools/bin/../lib/gcc/arm-none-eabi/11.3.1/../../../../arm-none-eabi/lib/thumb/v7e-m+fp/hard\libc_nano.a(libc_a-mlock.o)
                0x000000000800f430                __malloc_unlock
 .text.__sfputc_r
                0x000000000800f43c       0x2e C:/ST/STM32CubeIDE_1.13.2/STM32CubeIDE/plugins/com.st.stm32cube.ide.mcu.externaltools.gnu-tools-for-stm32.11.3.rel1.win32_1.1.1.202309131626/tools/bin/../lib/gcc/arm-none-eabi/11.3.1/../../../../arm-none-eabi/lib/thumb/v7e-m+fp/hard\libc_nano.a(libc_a-nano-vfprintf.o)
 .text.__sfputs_r
                0x000000000800f46a       0x24 C:/ST/STM32CubeIDE_1.13.2/STM32CubeIDE/plugins/com.st.stm32cube.ide.mcu.externaltools.gnu-tools-for-stm32.11.3.rel1.win32_1.1.1.202309131626/tools/bin/../lib/gcc/arm-none-eabi/11.3.1/../../../../arm-none-eabi/lib/thumb/v7e-m+fp/hard\libc_nano.a(libc_a-nano-vfprintf.o)
                0x000000000800f46a                __sfputs_r
 *fill*         0x000000000800f48e        0x2 
 .text._vfprintf_r
                0x000000000800f490      0x234 C:/ST/STM32CubeIDE_1.13.2/STM32CubeIDE/plugins/com.st.stm32cube.ide.mcu.externaltools.gnu-tools-for-stm32.11.3.rel1.win32_1.1.1.202309131626/tools/bin/../lib/gcc/arm-none-eabi/11.3.1/../../../../arm-none-eabi/lib/thumb/v7e-m+fp/hard\libc_nano.a(libc_a-nano-vfprintf.o)
                0x000000000800f490                _vfprintf_r